[    4400ms] [WARNING] [.WebGL-0x2ff4000f7e00]GL Driver Message (OpenGL, Performance, GL_CLOSE_PATH_NV, High): GPU stall due to ReadPixels @ https://x.com/:0
[    4690ms] [WARNING] No available adapters. @ https://x.com/:0
[    4806ms] [ERROR] Not signed in with the identity provider. @ https://x.com/:0
[    4992ms] [ERROR] [GSI_LOGGER]: FedCM get() rejects with AbortError: signal is aborted without reason @ https://accounts.google.com/gsi/client:85
[    5001ms] [ERROR] Not signed in with the identity provider. @ https://x.com/:0
[    5164ms] [ERROR] [GSI_LOGGER]: FedCM get() rejects with AbortError: signal is aborted without reason @ https://accounts.google.com/gsi/client:85
[    5164ms] [ERROR] Not signed in with the identity provider. @ https://x.com/:0
[    7970ms] [ERROR] [GSI_LOGGER]: FedCM get() rejects with NetworkError: Error retrieving a token. @ https://accounts.google.com/gsi/client:85
[   11839ms] [WARNING] The resource https://abs.twimg.com/responsive-web/client-web/shared~loaders.video.PlayerBase~loader.Dock~bundle.TwitterArticles~bundle.ComposeMedia~bundle.ConnectTab~bund.43aed97a.js was preloaded using link preload but not used within a few seconds from the window's load event. Please make sure it has an appropriate `as` value and it is preloaded intentionally. @ https://x.com/:0
[   11840ms] [WARNING] The resource https://abs.twimg.com/responsive-web/client-web/shared~loader.Dock~bundle.ConnectTab~ondemand.XChat~bundle.DockPeek~bundle.LiveEvent~ondemand.ChatDrawer~load.1941d53a.js was preloaded using link preload but not used within a few seconds from the window's load event. Please make sure it has an appropriate `as` value and it is preloaded intentionally. @ https://x.com/:0
[   11840ms] [WARNING] The resource https://abs.twimg.com/responsive-web/client-web/JetfuelWrapper.a2b3a64a.js was preloaded using link preload but not used within a few seconds from the window's load event. Please make sure it has an appropriate `as` value and it is preloaded intentionally. @ https://x.com/:0
[   11840ms] [WARNING] The resource https://abs.twimg.com/responsive-web/client-web/shared~loader.Dock~bundle.ConnectTab~bundle.DockPeek~bundle.LiveEvent~loader.JetfuelFrame~JetfuelWrapper~load.d2cbdd7a.js was preloaded using link preload but not used within a few seconds from the window's load event. Please make sure it has an appropriate `as` value and it is preloaded intentionally. @ https://x.com/:0
[ 1805707ms] [WARNING] The resource https://abs.twimg.com/responsive-web/client-web/shared~loaders.video.PlayerBase~loader.Dock~bundle.TwitterArticles~bundle.ComposeMedia~bundle.ConnectTab~bund.43aed97a.js was preloaded using link preload but not used within a few seconds from the window's load event. Please make sure it has an appropriate `as` value and it is preloaded intentionally. @ https://x.com/:0
[ 1805708ms] [WARNING] The resource https://abs.twimg.com/responsive-web/client-web/shared~loader.Dock~bundle.ConnectTab~ondemand.XChat~bundle.DockPeek~bundle.LiveEvent~ondemand.ChatDrawer~load.1941d53a.js was preloaded using link preload but not used within a few seconds from the window's load event. Please make sure it has an appropriate `as` value and it is preloaded intentionally. @ https://x.com/:0
[ 1805708ms] [WARNING] The resource https://abs.twimg.com/responsive-web/client-web/JetfuelWrapper.a2b3a64a.js was preloaded using link preload but not used within a few seconds from the window's load event. Please make sure it has an appropriate `as` value and it is preloaded intentionally. @ https://x.com/:0
[ 1805708ms] [WARNING] The resource https://abs.twimg.com/responsive-web/client-web/shared~loader.Dock~bundle.ConnectTab~bundle.DockPeek~bundle.LiveEvent~loader.JetfuelFrame~JetfuelWrapper~load.d2cbdd7a.js was preloaded using link preload but not used within a few seconds from the window's load event. Please make sure it has an appropriate `as` value and it is preloaded intentionally. @ https://x.com/:0
[ 3606233ms] [WARNING] The resource https://abs.twimg.com/responsive-web/client-web/shared~loaders.video.PlayerBase~loader.Dock~bundle.TwitterArticles~bundle.ComposeMedia~bundle.ConnectTab~bund.43aed97a.js was preloaded using link preload but not used within a few seconds from the window's load event. Please make sure it has an appropriate `as` value and it is preloaded intentionally. @ https://x.com/:0
[ 3606233ms] [WARNING] The resource https://abs.twimg.com/responsive-web/client-web/shared~loader.Dock~bundle.ConnectTab~ondemand.XChat~bundle.DockPeek~bundle.LiveEvent~ondemand.ChatDrawer~load.1941d53a.js was preloaded using link preload but not used within a few seconds from the window's load event. Please make sure it has an appropriate `as` value and it is preloaded intentionally. @ https://x.com/:0
[ 3606233ms] [WARNING] The resource https://abs.twimg.com/responsive-web/client-web/JetfuelWrapper.a2b3a64a.js was preloaded using link preload but not used within a few seconds from the window's load event. Please make sure it has an appropriate `as` value and it is preloaded intentionally. @ https://x.com/:0
[ 3606233ms] [WARNING] The resource https://abs.twimg.com/responsive-web/client-web/shared~loader.Dock~bundle.ConnectTab~bundle.DockPeek~bundle.LiveEvent~loader.JetfuelFrame~JetfuelWrapper~load.d2cbdd7a.js was preloaded using link preload but not used within a few seconds from the window's load event. Please make sure it has an appropriate `as` value and it is preloaded intentionally. @ https://x.com/:0
