[    1437ms] [INFO] Banner not shown: beforeinstallpromptevent.preventDefault() called. The page must call beforeinstallpromptevent.prompt() to show the banner. @ https://x.com/home:0
[    4069ms] [WARNING] [.WebGL-0x301402045a00]GL Driver Message (OpenGL, Performance, GL_CLOSE_PATH_NV, High): GPU stall due to ReadPixels @ https://x.com/home:0
[    4553ms] [WARNING] No available adapters. @ https://x.com/home:0
[    4876ms] [ERROR] Failed to load resource: the server responded with a status of 403 () @ https://x.com/i/api/graphql/a74irv24XPYDjy5LSNQUXg/UsersByRestIds?variables=%7B%22userIds%22%3A%5B%224970411%22%5D%7D&features=%7B%22profile_label_improvements_pcf_label_in_post_enabled%22%3Atrue%2C%22responsive_web_profile_redirect_enabled%22%3Afalse%2C%22rweb_tipjar_consumption_enabled%22%3Afalse%2C%22verified_phone_label_enabled%22%3Afalse%2C%22responsive_web_graphql_skip_user_profile_image_extensions_enabled%22%3Afalse%2C%22responsive_web_graphql_timeline_navigation_enabled%22%3Atrue%7D:0
[    4895ms] [ERROR] Failed to load resource: the server responded with a status of 403 () @ https://x.com/i/api/graphql/a74irv24XPYDjy5LSNQUXg/UsersByRestIds?variables=%7B%22userIds%22%3A%5B%221652541%22%5D%7D&features=%7B%22profile_label_improvements_pcf_label_in_post_enabled%22%3Atrue%2C%22responsive_web_profile_redirect_enabled%22%3Afalse%2C%22rweb_tipjar_consumption_enabled%22%3Afalse%2C%22verified_phone_label_enabled%22%3Afalse%2C%22responsive_web_graphql_skip_user_profile_image_extensions_enabled%22%3Afalse%2C%22responsive_web_graphql_timeline_navigation_enabled%22%3Atrue%7D:0
[    4902ms] [ERROR] Failed to load resource: the server responded with a status of 403 () @ https://x.com/i/api/graphql/a74irv24XPYDjy5LSNQUXg/UsersByRestIds?variables=%7B%22userIds%22%3A%5B%2220776147%22%5D%7D&features=%7B%22profile_label_improvements_pcf_label_in_post_enabled%22%3Atrue%2C%22responsive_web_profile_redirect_enabled%22%3Afalse%2C%22rweb_tipjar_consumption_enabled%22%3Afalse%2C%22verified_phone_label_enabled%22%3Afalse%2C%22responsive_web_graphql_skip_user_profile_image_extensions_enabled%22%3Afalse%2C%22responsive_web_graphql_timeline_navigation_enabled%22%3Atrue%7D:0
[    4923ms] a: ApiError: https://x.com/i/api/graphql/a74irv24XPYDjy5LSNQUXg/UsersByRestIds HTTP-403 codes:[1003]
    at u (https://abs.twimg.com/responsive-web/client-web/main.f2cf8c9a.js:17:114836)
    at p (https://abs.twimg.com/responsive-web/client-web/main.f2cf8c9a.js:17:115062)
    at https://abs.twimg.com/responsive-web/client-web/main.f2cf8c9a.js:17:115128
[    4942ms] a: ApiError: https://x.com/i/api/graphql/a74irv24XPYDjy5LSNQUXg/UsersByRestIds HTTP-403 codes:[1003]
    at u (https://abs.twimg.com/responsive-web/client-web/main.f2cf8c9a.js:17:114836)
    at p (https://abs.twimg.com/responsive-web/client-web/main.f2cf8c9a.js:17:115062)
    at https://abs.twimg.com/responsive-web/client-web/main.f2cf8c9a.js:17:115128
[    4945ms] a: ApiError: https://x.com/i/api/graphql/a74irv24XPYDjy5LSNQUXg/UsersByRestIds HTTP-403 codes:[1003]
    at u (https://abs.twimg.com/responsive-web/client-web/main.f2cf8c9a.js:17:114836)
    at p (https://abs.twimg.com/responsive-web/client-web/main.f2cf8c9a.js:17:115062)
    at https://abs.twimg.com/responsive-web/client-web/main.f2cf8c9a.js:17:115128
[    4969ms] [ERROR] Failed to load resource: the server responded with a status of 403 () @ https://x.com/i/api/1.1/graphql/error_log.json:0
[    4980ms] [ERROR] Failed to load resource: the server responded with a status of 403 () @ https://x.com/i/api/1.1/graphql/error_log.json:0
[    5000ms] [ERROR] Failed to load resource: the server responded with a status of 403 () @ https://x.com/i/api/1.1/graphql/error_log.json:0
[    5111ms] [ERROR] Failed to load resource: the server responded with a status of 403 () @ https://x.com/i/api/graphql/a74irv24XPYDjy5LSNQUXg/UsersByRestIds?variables=%7B%22userIds%22%3A%5B%221652541%22%5D%7D&features=%7B%22profile_label_improvements_pcf_label_in_post_enabled%22%3Atrue%2C%22responsive_web_profile_redirect_enabled%22%3Afalse%2C%22rweb_tipjar_consumption_enabled%22%3Afalse%2C%22verified_phone_label_enabled%22%3Afalse%2C%22responsive_web_graphql_skip_user_profile_image_extensions_enabled%22%3Afalse%2C%22responsive_web_graphql_timeline_navigation_enabled%22%3Atrue%7D:0
[    5119ms] [ERROR] Failed to load resource: the server responded with a status of 403 () @ https://x.com/i/api/graphql/a74irv24XPYDjy5LSNQUXg/UsersByRestIds?variables=%7B%22userIds%22%3A%5B%224970411%22%5D%7D&features=%7B%22profile_label_improvements_pcf_label_in_post_enabled%22%3Atrue%2C%22responsive_web_profile_redirect_enabled%22%3Afalse%2C%22rweb_tipjar_consumption_enabled%22%3Afalse%2C%22verified_phone_label_enabled%22%3Afalse%2C%22responsive_web_graphql_skip_user_profile_image_extensions_enabled%22%3Afalse%2C%22responsive_web_graphql_timeline_navigation_enabled%22%3Atrue%7D:0
[    5127ms] [ERROR] Failed to load resource: the server responded with a status of 403 () @ https://x.com/i/api/graphql/a74irv24XPYDjy5LSNQUXg/UsersByRestIds?variables=%7B%22userIds%22%3A%5B%2220776147%22%5D%7D&features=%7B%22profile_label_improvements_pcf_label_in_post_enabled%22%3Atrue%2C%22responsive_web_profile_redirect_enabled%22%3Afalse%2C%22rweb_tipjar_consumption_enabled%22%3Afalse%2C%22verified_phone_label_enabled%22%3Afalse%2C%22responsive_web_graphql_skip_user_profile_image_extensions_enabled%22%3Afalse%2C%22responsive_web_graphql_timeline_navigation_enabled%22%3Atrue%7D:0
[    5140ms] a: ApiError: https://x.com/i/api/graphql/a74irv24XPYDjy5LSNQUXg/UsersByRestIds HTTP-403 codes:[1003]
    at u (https://abs.twimg.com/responsive-web/client-web/main.f2cf8c9a.js:17:114836)
    at p (https://abs.twimg.com/responsive-web/client-web/main.f2cf8c9a.js:17:115062)
    at https://abs.twimg.com/responsive-web/client-web/main.f2cf8c9a.js:17:115128
[    5146ms] a: ApiError: https://x.com/i/api/graphql/a74irv24XPYDjy5LSNQUXg/UsersByRestIds HTTP-403 codes:[1003]
    at u (https://abs.twimg.com/responsive-web/client-web/main.f2cf8c9a.js:17:114836)
    at p (https://abs.twimg.com/responsive-web/client-web/main.f2cf8c9a.js:17:115062)
    at https://abs.twimg.com/responsive-web/client-web/main.f2cf8c9a.js:17:115128
[    5150ms] a: ApiError: https://x.com/i/api/graphql/a74irv24XPYDjy5LSNQUXg/UsersByRestIds HTTP-403 codes:[1003]
    at u (https://abs.twimg.com/responsive-web/client-web/main.f2cf8c9a.js:17:114836)
    at p (https://abs.twimg.com/responsive-web/client-web/main.f2cf8c9a.js:17:115062)
    at https://abs.twimg.com/responsive-web/client-web/main.f2cf8c9a.js:17:115128
[    5179ms] [ERROR] Failed to load resource: the server responded with a status of 403 () @ https://x.com/i/api/1.1/graphql/error_log.json:0
[    5181ms] [ERROR] Failed to load resource: the server responded with a status of 403 () @ https://x.com/i/api/1.1/graphql/error_log.json:0
[    5183ms] [ERROR] Failed to load resource: the server responded with a status of 403 () @ https://x.com/i/api/1.1/graphql/error_log.json:0
[  324271ms] [ERROR] Failed to load resource: the server responded with a status of 403 () @ https://x.com/i/api/graphql/a74irv24XPYDjy5LSNQUXg/UsersByRestIds?variables=%7B%22userIds%22%3A%5B%221652541%22%5D%7D&features=%7B%22profile_label_improvements_pcf_label_in_post_enabled%22%3Atrue%2C%22responsive_web_profile_redirect_enabled%22%3Afalse%2C%22rweb_tipjar_consumption_enabled%22%3Afalse%2C%22verified_phone_label_enabled%22%3Afalse%2C%22responsive_web_graphql_skip_user_profile_image_extensions_enabled%22%3Afalse%2C%22responsive_web_graphql_timeline_navigation_enabled%22%3Atrue%7D:0
[  324284ms] [ERROR] Failed to load resource: the server responded with a status of 403 () @ https://x.com/i/api/graphql/a74irv24XPYDjy5LSNQUXg/UsersByRestIds?variables=%7B%22userIds%22%3A%5B%224970411%22%5D%7D&features=%7B%22profile_label_improvements_pcf_label_in_post_enabled%22%3Atrue%2C%22responsive_web_profile_redirect_enabled%22%3Afalse%2C%22rweb_tipjar_consumption_enabled%22%3Afalse%2C%22verified_phone_label_enabled%22%3Afalse%2C%22responsive_web_graphql_skip_user_profile_image_extensions_enabled%22%3Afalse%2C%22responsive_web_graphql_timeline_navigation_enabled%22%3Atrue%7D:0
[  324293ms] [ERROR] Failed to load resource: the server responded with a status of 403 () @ https://x.com/i/api/graphql/a74irv24XPYDjy5LSNQUXg/UsersByRestIds?variables=%7B%22userIds%22%3A%5B%2220776147%22%5D%7D&features=%7B%22profile_label_improvements_pcf_label_in_post_enabled%22%3Atrue%2C%22responsive_web_profile_redirect_enabled%22%3Afalse%2C%22rweb_tipjar_consumption_enabled%22%3Afalse%2C%22verified_phone_label_enabled%22%3Afalse%2C%22responsive_web_graphql_skip_user_profile_image_extensions_enabled%22%3Afalse%2C%22responsive_web_graphql_timeline_navigation_enabled%22%3Atrue%7D:0
[  324319ms] a: ApiError: https://x.com/i/api/graphql/a74irv24XPYDjy5LSNQUXg/UsersByRestIds HTTP-403 codes:[1003]
    at u (https://abs.twimg.com/responsive-web/client-web/main.f2cf8c9a.js:17:114836)
    at p (https://abs.twimg.com/responsive-web/client-web/main.f2cf8c9a.js:17:115062)
    at https://abs.twimg.com/responsive-web/client-web/main.f2cf8c9a.js:17:115128
[  324325ms] a: ApiError: https://x.com/i/api/graphql/a74irv24XPYDjy5LSNQUXg/UsersByRestIds HTTP-403 codes:[1003]
    at u (https://abs.twimg.com/responsive-web/client-web/main.f2cf8c9a.js:17:114836)
    at p (https://abs.twimg.com/responsive-web/client-web/main.f2cf8c9a.js:17:115062)
    at https://abs.twimg.com/responsive-web/client-web/main.f2cf8c9a.js:17:115128
[  324332ms] a: ApiError: https://x.com/i/api/graphql/a74irv24XPYDjy5LSNQUXg/UsersByRestIds HTTP-403 codes:[1003]
    at u (https://abs.twimg.com/responsive-web/client-web/main.f2cf8c9a.js:17:114836)
    at p (https://abs.twimg.com/responsive-web/client-web/main.f2cf8c9a.js:17:115062)
    at https://abs.twimg.com/responsive-web/client-web/main.f2cf8c9a.js:17:115128
[  324363ms] [ERROR] Failed to load resource: the server responded with a status of 403 () @ https://x.com/i/api/1.1/graphql/error_log.json:0
[  324437ms] [ERROR] Failed to load resource: the server responded with a status of 403 () @ https://x.com/i/api/1.1/graphql/error_log.json:0
[  324440ms] [ERROR] Failed to load resource: the server responded with a status of 403 () @ https://x.com/i/api/1.1/graphql/error_log.json:0
[  643357ms] [ERROR] Failed to load resource: the server responded with a status of 403 () @ https://x.com/i/api/graphql/a74irv24XPYDjy5LSNQUXg/UsersByRestIds?variables=%7B%22userIds%22%3A%5B%221652541%22%5D%7D&features=%7B%22profile_label_improvements_pcf_label_in_post_enabled%22%3Atrue%2C%22responsive_web_profile_redirect_enabled%22%3Afalse%2C%22rweb_tipjar_consumption_enabled%22%3Afalse%2C%22verified_phone_label_enabled%22%3Afalse%2C%22responsive_web_graphql_skip_user_profile_image_extensions_enabled%22%3Afalse%2C%22responsive_web_graphql_timeline_navigation_enabled%22%3Atrue%7D:0
[  643381ms] [ERROR] Failed to load resource: the server responded with a status of 403 () @ https://x.com/i/api/graphql/a74irv24XPYDjy5LSNQUXg/UsersByRestIds?variables=%7B%22userIds%22%3A%5B%224970411%22%5D%7D&features=%7B%22profile_label_improvements_pcf_label_in_post_enabled%22%3Atrue%2C%22responsive_web_profile_redirect_enabled%22%3Afalse%2C%22rweb_tipjar_consumption_enabled%22%3Afalse%2C%22verified_phone_label_enabled%22%3Afalse%2C%22responsive_web_graphql_skip_user_profile_image_extensions_enabled%22%3Afalse%2C%22responsive_web_graphql_timeline_navigation_enabled%22%3Atrue%7D:0
[  643418ms] a: ApiError: https://x.com/i/api/graphql/a74irv24XPYDjy5LSNQUXg/UsersByRestIds HTTP-403 codes:[1003]
    at u (https://abs.twimg.com/responsive-web/client-web/main.f2cf8c9a.js:17:114836)
    at p (https://abs.twimg.com/responsive-web/client-web/main.f2cf8c9a.js:17:115062)
    at https://abs.twimg.com/responsive-web/client-web/main.f2cf8c9a.js:17:115128
[  643441ms] a: ApiError: https://x.com/i/api/graphql/a74irv24XPYDjy5LSNQUXg/UsersByRestIds HTTP-403 codes:[1003]
    at u (https://abs.twimg.com/responsive-web/client-web/main.f2cf8c9a.js:17:114836)
    at p (https://abs.twimg.com/responsive-web/client-web/main.f2cf8c9a.js:17:115062)
    at https://abs.twimg.com/responsive-web/client-web/main.f2cf8c9a.js:17:115128
[  643440ms] [ERROR] Failed to load resource: the server responded with a status of 403 () @ https://x.com/i/api/1.1/graphql/error_log.json:0
[  643462ms] [ERROR] Failed to load resource: the server responded with a status of 403 () @ https://x.com/i/api/1.1/graphql/error_log.json:0
[  962388ms] [ERROR] Failed to load resource: the server responded with a status of 403 () @ https://x.com/i/api/graphql/a74irv24XPYDjy5LSNQUXg/UsersByRestIds?variables=%7B%22userIds%22%3A%5B%221652541%22%5D%7D&features=%7B%22profile_label_improvements_pcf_label_in_post_enabled%22%3Atrue%2C%22responsive_web_profile_redirect_enabled%22%3Afalse%2C%22rweb_tipjar_consumption_enabled%22%3Afalse%2C%22verified_phone_label_enabled%22%3Afalse%2C%22responsive_web_graphql_skip_user_profile_image_extensions_enabled%22%3Afalse%2C%22responsive_web_graphql_timeline_navigation_enabled%22%3Atrue%7D:0
[  962395ms] [ERROR] Failed to load resource: the server responded with a status of 403 () @ https://x.com/i/api/graphql/a74irv24XPYDjy5LSNQUXg/UsersByRestIds?variables=%7B%22userIds%22%3A%5B%224970411%22%5D%7D&features=%7B%22profile_label_improvements_pcf_label_in_post_enabled%22%3Atrue%2C%22responsive_web_profile_redirect_enabled%22%3Afalse%2C%22rweb_tipjar_consumption_enabled%22%3Afalse%2C%22verified_phone_label_enabled%22%3Afalse%2C%22responsive_web_graphql_skip_user_profile_image_extensions_enabled%22%3Afalse%2C%22responsive_web_graphql_timeline_navigation_enabled%22%3Atrue%7D:0
[  962413ms] a: ApiError: https://x.com/i/api/graphql/a74irv24XPYDjy5LSNQUXg/UsersByRestIds HTTP-403 codes:[1003]
    at u (https://abs.twimg.com/responsive-web/client-web/main.f2cf8c9a.js:17:114836)
    at p (https://abs.twimg.com/responsive-web/client-web/main.f2cf8c9a.js:17:115062)
    at https://abs.twimg.com/responsive-web/client-web/main.f2cf8c9a.js:17:115128
[  962416ms] a: ApiError: https://x.com/i/api/graphql/a74irv24XPYDjy5LSNQUXg/UsersByRestIds HTTP-403 codes:[1003]
    at u (https://abs.twimg.com/responsive-web/client-web/main.f2cf8c9a.js:17:114836)
    at p (https://abs.twimg.com/responsive-web/client-web/main.f2cf8c9a.js:17:115062)
    at https://abs.twimg.com/responsive-web/client-web/main.f2cf8c9a.js:17:115128
[  962428ms] [ERROR] Failed to load resource: the server responded with a status of 403 () @ https://x.com/i/api/1.1/graphql/error_log.json:0
[  962433ms] [ERROR] Failed to load resource: the server responded with a status of 403 () @ https://x.com/i/api/1.1/graphql/error_log.json:0
[ 1281574ms] [ERROR] Failed to load resource: the server responded with a status of 403 () @ https://x.com/i/api/graphql/a74irv24XPYDjy5LSNQUXg/UsersByRestIds?variables=%7B%22userIds%22%3A%5B%221652541%22%5D%7D&features=%7B%22profile_label_improvements_pcf_label_in_post_enabled%22%3Atrue%2C%22responsive_web_profile_redirect_enabled%22%3Afalse%2C%22rweb_tipjar_consumption_enabled%22%3Afalse%2C%22verified_phone_label_enabled%22%3Afalse%2C%22responsive_web_graphql_skip_user_profile_image_extensions_enabled%22%3Afalse%2C%22responsive_web_graphql_timeline_navigation_enabled%22%3Atrue%7D:0
[ 1281586ms] [ERROR] Failed to load resource: the server responded with a status of 403 () @ https://x.com/i/api/graphql/a74irv24XPYDjy5LSNQUXg/UsersByRestIds?variables=%7B%22userIds%22%3A%5B%224970411%22%5D%7D&features=%7B%22profile_label_improvements_pcf_label_in_post_enabled%22%3Atrue%2C%22responsive_web_profile_redirect_enabled%22%3Afalse%2C%22rweb_tipjar_consumption_enabled%22%3Afalse%2C%22verified_phone_label_enabled%22%3Afalse%2C%22responsive_web_graphql_skip_user_profile_image_extensions_enabled%22%3Afalse%2C%22responsive_web_graphql_timeline_navigation_enabled%22%3Atrue%7D:0
[ 1281605ms] a: ApiError: https://x.com/i/api/graphql/a74irv24XPYDjy5LSNQUXg/UsersByRestIds HTTP-403 codes:[1003]
    at u (https://abs.twimg.com/responsive-web/client-web/main.f2cf8c9a.js:17:114836)
    at p (https://abs.twimg.com/responsive-web/client-web/main.f2cf8c9a.js:17:115062)
    at https://abs.twimg.com/responsive-web/client-web/main.f2cf8c9a.js:17:115128
[ 1281611ms] a: ApiError: https://x.com/i/api/graphql/a74irv24XPYDjy5LSNQUXg/UsersByRestIds HTTP-403 codes:[1003]
    at u (https://abs.twimg.com/responsive-web/client-web/main.f2cf8c9a.js:17:114836)
    at p (https://abs.twimg.com/responsive-web/client-web/main.f2cf8c9a.js:17:115062)
    at https://abs.twimg.com/responsive-web/client-web/main.f2cf8c9a.js:17:115128
[ 1281630ms] [ERROR] Failed to load resource: the server responded with a status of 403 () @ https://x.com/i/api/1.1/graphql/error_log.json:0
[ 1281632ms] [ERROR] Failed to load resource: the server responded with a status of 403 () @ https://x.com/i/api/1.1/graphql/error_log.json:0
[ 1600843ms] [ERROR] Failed to load resource: the server responded with a status of 403 () @ https://x.com/i/api/graphql/a74irv24XPYDjy5LSNQUXg/UsersByRestIds?variables=%7B%22userIds%22%3A%5B%224970411%22%5D%7D&features=%7B%22profile_label_improvements_pcf_label_in_post_enabled%22%3Atrue%2C%22responsive_web_profile_redirect_enabled%22%3Afalse%2C%22rweb_tipjar_consumption_enabled%22%3Afalse%2C%22verified_phone_label_enabled%22%3Afalse%2C%22responsive_web_graphql_skip_user_profile_image_extensions_enabled%22%3Afalse%2C%22responsive_web_graphql_timeline_navigation_enabled%22%3Atrue%7D:0
[ 1600851ms] [ERROR] Failed to load resource: the server responded with a status of 403 () @ https://x.com/i/api/graphql/a74irv24XPYDjy5LSNQUXg/UsersByRestIds?variables=%7B%22userIds%22%3A%5B%221652541%22%5D%7D&features=%7B%22profile_label_improvements_pcf_label_in_post_enabled%22%3Atrue%2C%22responsive_web_profile_redirect_enabled%22%3Afalse%2C%22rweb_tipjar_consumption_enabled%22%3Afalse%2C%22verified_phone_label_enabled%22%3Afalse%2C%22responsive_web_graphql_skip_user_profile_image_extensions_enabled%22%3Afalse%2C%22responsive_web_graphql_timeline_navigation_enabled%22%3Atrue%7D:0
[ 1600872ms] a: ApiError: https://x.com/i/api/graphql/a74irv24XPYDjy5LSNQUXg/UsersByRestIds HTTP-403 codes:[1003]
    at u (https://abs.twimg.com/responsive-web/client-web/main.f2cf8c9a.js:17:114836)
    at p (https://abs.twimg.com/responsive-web/client-web/main.f2cf8c9a.js:17:115062)
    at https://abs.twimg.com/responsive-web/client-web/main.f2cf8c9a.js:17:115128
[ 1600874ms] a: ApiError: https://x.com/i/api/graphql/a74irv24XPYDjy5LSNQUXg/UsersByRestIds HTTP-403 codes:[1003]
    at u (https://abs.twimg.com/responsive-web/client-web/main.f2cf8c9a.js:17:114836)
    at p (https://abs.twimg.com/responsive-web/client-web/main.f2cf8c9a.js:17:115062)
    at https://abs.twimg.com/responsive-web/client-web/main.f2cf8c9a.js:17:115128
[ 1600903ms] [ERROR] Failed to load resource: the server responded with a status of 403 () @ https://x.com/i/api/1.1/graphql/error_log.json:0
[ 1600915ms] [ERROR] Failed to load resource: the server responded with a status of 403 () @ https://x.com/i/api/1.1/graphql/error_log.json:0
[ 1920161ms] [ERROR] Failed to load resource: the server responded with a status of 403 () @ https://x.com/i/api/graphql/a74irv24XPYDjy5LSNQUXg/UsersByRestIds?variables=%7B%22userIds%22%3A%5B%221652541%22%5D%7D&features=%7B%22profile_label_improvements_pcf_label_in_post_enabled%22%3Atrue%2C%22responsive_web_profile_redirect_enabled%22%3Afalse%2C%22rweb_tipjar_consumption_enabled%22%3Afalse%2C%22verified_phone_label_enabled%22%3Afalse%2C%22responsive_web_graphql_skip_user_profile_image_extensions_enabled%22%3Afalse%2C%22responsive_web_graphql_timeline_navigation_enabled%22%3Atrue%7D:0
[ 1920169ms] [ERROR] Failed to load resource: the server responded with a status of 403 () @ https://x.com/i/api/graphql/a74irv24XPYDjy5LSNQUXg/UsersByRestIds?variables=%7B%22userIds%22%3A%5B%224970411%22%5D%7D&features=%7B%22profile_label_improvements_pcf_label_in_post_enabled%22%3Atrue%2C%22responsive_web_profile_redirect_enabled%22%3Afalse%2C%22rweb_tipjar_consumption_enabled%22%3Afalse%2C%22verified_phone_label_enabled%22%3Afalse%2C%22responsive_web_graphql_skip_user_profile_image_extensions_enabled%22%3Afalse%2C%22responsive_web_graphql_timeline_navigation_enabled%22%3Atrue%7D:0
[ 1920187ms] a: ApiError: https://x.com/i/api/graphql/a74irv24XPYDjy5LSNQUXg/UsersByRestIds HTTP-403 codes:[1003]
    at u (https://abs.twimg.com/responsive-web/client-web/main.f2cf8c9a.js:17:114836)
    at p (https://abs.twimg.com/responsive-web/client-web/main.f2cf8c9a.js:17:115062)
    at https://abs.twimg.com/responsive-web/client-web/main.f2cf8c9a.js:17:115128
[ 1920188ms] a: ApiError: https://x.com/i/api/graphql/a74irv24XPYDjy5LSNQUXg/UsersByRestIds HTTP-403 codes:[1003]
    at u (https://abs.twimg.com/responsive-web/client-web/main.f2cf8c9a.js:17:114836)
    at p (https://abs.twimg.com/responsive-web/client-web/main.f2cf8c9a.js:17:115062)
    at https://abs.twimg.com/responsive-web/client-web/main.f2cf8c9a.js:17:115128
[ 1920203ms] [ERROR] Failed to load resource: the server responded with a status of 403 () @ https://x.com/i/api/1.1/graphql/error_log.json:0
[ 1920210ms] [ERROR] Failed to load resource: the server responded with a status of 403 () @ https://x.com/i/api/1.1/graphql/error_log.json:0
[ 2239534ms] [ERROR] Failed to load resource: the server responded with a status of 403 () @ https://x.com/i/api/graphql/a74irv24XPYDjy5LSNQUXg/UsersByRestIds?variables=%7B%22userIds%22%3A%5B%221652541%22%5D%7D&features=%7B%22profile_label_improvements_pcf_label_in_post_enabled%22%3Atrue%2C%22responsive_web_profile_redirect_enabled%22%3Afalse%2C%22rweb_tipjar_consumption_enabled%22%3Afalse%2C%22verified_phone_label_enabled%22%3Afalse%2C%22responsive_web_graphql_skip_user_profile_image_extensions_enabled%22%3Afalse%2C%22responsive_web_graphql_timeline_navigation_enabled%22%3Atrue%7D:0
[ 2239543ms] [ERROR] Failed to load resource: the server responded with a status of 403 () @ https://x.com/i/api/graphql/a74irv24XPYDjy5LSNQUXg/UsersByRestIds?variables=%7B%22userIds%22%3A%5B%224970411%22%5D%7D&features=%7B%22profile_label_improvements_pcf_label_in_post_enabled%22%3Atrue%2C%22responsive_web_profile_redirect_enabled%22%3Afalse%2C%22rweb_tipjar_consumption_enabled%22%3Afalse%2C%22verified_phone_label_enabled%22%3Afalse%2C%22responsive_web_graphql_skip_user_profile_image_extensions_enabled%22%3Afalse%2C%22responsive_web_graphql_timeline_navigation_enabled%22%3Atrue%7D:0
[ 2239572ms] a: ApiError: https://x.com/i/api/graphql/a74irv24XPYDjy5LSNQUXg/UsersByRestIds HTTP-403 codes:[1003]
    at u (https://abs.twimg.com/responsive-web/client-web/main.f2cf8c9a.js:17:114836)
    at p (https://abs.twimg.com/responsive-web/client-web/main.f2cf8c9a.js:17:115062)
    at https://abs.twimg.com/responsive-web/client-web/main.f2cf8c9a.js:17:115128
[ 2239574ms] a: ApiError: https://x.com/i/api/graphql/a74irv24XPYDjy5LSNQUXg/UsersByRestIds HTTP-403 codes:[1003]
    at u (https://abs.twimg.com/responsive-web/client-web/main.f2cf8c9a.js:17:114836)
    at p (https://abs.twimg.com/responsive-web/client-web/main.f2cf8c9a.js:17:115062)
    at https://abs.twimg.com/responsive-web/client-web/main.f2cf8c9a.js:17:115128
[ 2239598ms] [ERROR] Failed to load resource: the server responded with a status of 403 () @ https://x.com/i/api/1.1/graphql/error_log.json:0
[ 2239600ms] [ERROR] Failed to load resource: the server responded with a status of 403 () @ https://x.com/i/api/1.1/graphql/error_log.json:0
[ 2558842ms] [ERROR] Failed to load resource: the server responded with a status of 403 () @ https://x.com/i/api/graphql/a74irv24XPYDjy5LSNQUXg/UsersByRestIds?variables=%7B%22userIds%22%3A%5B%221652541%22%5D%7D&features=%7B%22profile_label_improvements_pcf_label_in_post_enabled%22%3Atrue%2C%22responsive_web_profile_redirect_enabled%22%3Afalse%2C%22rweb_tipjar_consumption_enabled%22%3Afalse%2C%22verified_phone_label_enabled%22%3Afalse%2C%22responsive_web_graphql_skip_user_profile_image_extensions_enabled%22%3Afalse%2C%22responsive_web_graphql_timeline_navigation_enabled%22%3Atrue%7D:0
[ 2558855ms] [ERROR] Failed to load resource: the server responded with a status of 403 () @ https://x.com/i/api/graphql/a74irv24XPYDjy5LSNQUXg/UsersByRestIds?variables=%7B%22userIds%22%3A%5B%224970411%22%5D%7D&features=%7B%22profile_label_improvements_pcf_label_in_post_enabled%22%3Atrue%2C%22responsive_web_profile_redirect_enabled%22%3Afalse%2C%22rweb_tipjar_consumption_enabled%22%3Afalse%2C%22verified_phone_label_enabled%22%3Afalse%2C%22responsive_web_graphql_skip_user_profile_image_extensions_enabled%22%3Afalse%2C%22responsive_web_graphql_timeline_navigation_enabled%22%3Atrue%7D:0
[ 2558873ms] a: ApiError: https://x.com/i/api/graphql/a74irv24XPYDjy5LSNQUXg/UsersByRestIds HTTP-403 codes:[1003]
    at u (https://abs.twimg.com/responsive-web/client-web/main.f2cf8c9a.js:17:114836)
    at p (https://abs.twimg.com/responsive-web/client-web/main.f2cf8c9a.js:17:115062)
    at https://abs.twimg.com/responsive-web/client-web/main.f2cf8c9a.js:17:115128
[ 2558876ms] a: ApiError: https://x.com/i/api/graphql/a74irv24XPYDjy5LSNQUXg/UsersByRestIds HTTP-403 codes:[1003]
    at u (https://abs.twimg.com/responsive-web/client-web/main.f2cf8c9a.js:17:114836)
    at p (https://abs.twimg.com/responsive-web/client-web/main.f2cf8c9a.js:17:115062)
    at https://abs.twimg.com/responsive-web/client-web/main.f2cf8c9a.js:17:115128
[ 2558897ms] [ERROR] Failed to load resource: the server responded with a status of 403 () @ https://x.com/i/api/1.1/graphql/error_log.json:0
[ 2558903ms] [ERROR] Failed to load resource: the server responded with a status of 403 () @ https://x.com/i/api/1.1/graphql/error_log.json:0
[ 2771447ms] [ERROR] Failed to load resource: the server responded with a status of 400 () @ https://api.x.com/1.1/live_pipeline/update_subscriptions:0
[ 2878053ms] [ERROR] Failed to load resource: the server responded with a status of 403 () @ https://x.com/i/api/graphql/a74irv24XPYDjy5LSNQUXg/UsersByRestIds?variables=%7B%22userIds%22%3A%5B%221652541%22%5D%7D&features=%7B%22profile_label_improvements_pcf_label_in_post_enabled%22%3Atrue%2C%22responsive_web_profile_redirect_enabled%22%3Afalse%2C%22rweb_tipjar_consumption_enabled%22%3Afalse%2C%22verified_phone_label_enabled%22%3Afalse%2C%22responsive_web_graphql_skip_user_profile_image_extensions_enabled%22%3Afalse%2C%22responsive_web_graphql_timeline_navigation_enabled%22%3Atrue%7D:0
[ 2878065ms] [ERROR] Failed to load resource: the server responded with a status of 403 () @ https://x.com/i/api/graphql/a74irv24XPYDjy5LSNQUXg/UsersByRestIds?variables=%7B%22userIds%22%3A%5B%224970411%22%5D%7D&features=%7B%22profile_label_improvements_pcf_label_in_post_enabled%22%3Atrue%2C%22responsive_web_profile_redirect_enabled%22%3Afalse%2C%22rweb_tipjar_consumption_enabled%22%3Afalse%2C%22verified_phone_label_enabled%22%3Afalse%2C%22responsive_web_graphql_skip_user_profile_image_extensions_enabled%22%3Afalse%2C%22responsive_web_graphql_timeline_navigation_enabled%22%3Atrue%7D:0
[ 2878086ms] a: ApiError: https://x.com/i/api/graphql/a74irv24XPYDjy5LSNQUXg/UsersByRestIds HTTP-403 codes:[1003]
    at u (https://abs.twimg.com/responsive-web/client-web/main.f2cf8c9a.js:17:114836)
    at p (https://abs.twimg.com/responsive-web/client-web/main.f2cf8c9a.js:17:115062)
    at https://abs.twimg.com/responsive-web/client-web/main.f2cf8c9a.js:17:115128
[ 2878091ms] a: ApiError: https://x.com/i/api/graphql/a74irv24XPYDjy5LSNQUXg/UsersByRestIds HTTP-403 codes:[1003]
    at u (https://abs.twimg.com/responsive-web/client-web/main.f2cf8c9a.js:17:114836)
    at p (https://abs.twimg.com/responsive-web/client-web/main.f2cf8c9a.js:17:115062)
    at https://abs.twimg.com/responsive-web/client-web/main.f2cf8c9a.js:17:115128
[ 2878109ms] [ERROR] Failed to load resource: the server responded with a status of 403 () @ https://x.com/i/api/1.1/graphql/error_log.json:0
[ 2878118ms] [ERROR] Failed to load resource: the server responded with a status of 403 () @ https://x.com/i/api/1.1/graphql/error_log.json:0
[ 3190325ms] [ERROR] Failed to load resource: the server responded with a status of 403 () @ https://x.com/i/api/graphql/a74irv24XPYDjy5LSNQUXg/UsersByRestIds?variables=%7B%22userIds%22%3A%5B%224970411%22%5D%7D&features=%7B%22profile_label_improvements_pcf_label_in_post_enabled%22%3Atrue%2C%22responsive_web_profile_redirect_enabled%22%3Afalse%2C%22rweb_tipjar_consumption_enabled%22%3Afalse%2C%22verified_phone_label_enabled%22%3Afalse%2C%22responsive_web_graphql_skip_user_profile_image_extensions_enabled%22%3Afalse%2C%22responsive_web_graphql_timeline_navigation_enabled%22%3Atrue%7D:0
[ 3190333ms] [ERROR] Failed to load resource: the server responded with a status of 403 () @ https://x.com/i/api/graphql/a74irv24XPYDjy5LSNQUXg/UsersByRestIds?variables=%7B%22userIds%22%3A%5B%221652541%22%5D%7D&features=%7B%22profile_label_improvements_pcf_label_in_post_enabled%22%3Atrue%2C%22responsive_web_profile_redirect_enabled%22%3Afalse%2C%22rweb_tipjar_consumption_enabled%22%3Afalse%2C%22verified_phone_label_enabled%22%3Afalse%2C%22responsive_web_graphql_skip_user_profile_image_extensions_enabled%22%3Afalse%2C%22responsive_web_graphql_timeline_navigation_enabled%22%3Atrue%7D:0
[ 3190347ms] a: ApiError: https://x.com/i/api/graphql/a74irv24XPYDjy5LSNQUXg/UsersByRestIds HTTP-403 codes:[1003]
    at u (https://abs.twimg.com/responsive-web/client-web/main.f2cf8c9a.js:17:114836)
    at p (https://abs.twimg.com/responsive-web/client-web/main.f2cf8c9a.js:17:115062)
    at https://abs.twimg.com/responsive-web/client-web/main.f2cf8c9a.js:17:115128
[ 3190348ms] a: ApiError: https://x.com/i/api/graphql/a74irv24XPYDjy5LSNQUXg/UsersByRestIds HTTP-403 codes:[1003]
    at u (https://abs.twimg.com/responsive-web/client-web/main.f2cf8c9a.js:17:114836)
    at p (https://abs.twimg.com/responsive-web/client-web/main.f2cf8c9a.js:17:115062)
    at https://abs.twimg.com/responsive-web/client-web/main.f2cf8c9a.js:17:115128
[ 3190378ms] [ERROR] Failed to load resource: the server responded with a status of 403 () @ https://x.com/i/api/1.1/graphql/error_log.json:0
[ 3190383ms] [ERROR] Failed to load resource: the server responded with a status of 403 () @ https://x.com/i/api/1.1/graphql/error_log.json:0
[ 3495819ms] [ERROR] Failed to load resource: the server responded with a status of 403 () @ https://x.com/i/api/graphql/a74irv24XPYDjy5LSNQUXg/UsersByRestIds?variables=%7B%22userIds%22%3A%5B%221652541%22%5D%7D&features=%7B%22profile_label_improvements_pcf_label_in_post_enabled%22%3Atrue%2C%22responsive_web_profile_redirect_enabled%22%3Afalse%2C%22rweb_tipjar_consumption_enabled%22%3Afalse%2C%22verified_phone_label_enabled%22%3Afalse%2C%22responsive_web_graphql_skip_user_profile_image_extensions_enabled%22%3Afalse%2C%22responsive_web_graphql_timeline_navigation_enabled%22%3Atrue%7D:0
[ 3495825ms] [ERROR] Failed to load resource: the server responded with a status of 403 () @ https://x.com/i/api/graphql/a74irv24XPYDjy5LSNQUXg/UsersByRestIds?variables=%7B%22userIds%22%3A%5B%224970411%22%5D%7D&features=%7B%22profile_label_improvements_pcf_label_in_post_enabled%22%3Atrue%2C%22responsive_web_profile_redirect_enabled%22%3Afalse%2C%22rweb_tipjar_consumption_enabled%22%3Afalse%2C%22verified_phone_label_enabled%22%3Afalse%2C%22responsive_web_graphql_skip_user_profile_image_extensions_enabled%22%3Afalse%2C%22responsive_web_graphql_timeline_navigation_enabled%22%3Atrue%7D:0
[ 3495843ms] a: ApiError: https://x.com/i/api/graphql/a74irv24XPYDjy5LSNQUXg/UsersByRestIds HTTP-403 codes:[1003]
    at u (https://abs.twimg.com/responsive-web/client-web/main.f2cf8c9a.js:17:114836)
    at p (https://abs.twimg.com/responsive-web/client-web/main.f2cf8c9a.js:17:115062)
    at https://abs.twimg.com/responsive-web/client-web/main.f2cf8c9a.js:17:115128
[ 3495844ms] a: ApiError: https://x.com/i/api/graphql/a74irv24XPYDjy5LSNQUXg/UsersByRestIds HTTP-403 codes:[1003]
    at u (https://abs.twimg.com/responsive-web/client-web/main.f2cf8c9a.js:17:114836)
    at p (https://abs.twimg.com/responsive-web/client-web/main.f2cf8c9a.js:17:115062)
    at https://abs.twimg.com/responsive-web/client-web/main.f2cf8c9a.js:17:115128
[ 3495864ms] [ERROR] Failed to load resource: the server responded with a status of 403 () @ https://x.com/i/api/1.1/graphql/error_log.json:0
[ 3495867ms] [ERROR] Failed to load resource: the server responded with a status of 403 () @ https://x.com/i/api/1.1/graphql/error_log.json:0
[ 3799404ms] [ERROR] Failed to load resource: the server responded with a status of 403 () @ https://x.com/i/api/graphql/a74irv24XPYDjy5LSNQUXg/UsersByRestIds?variables=%7B%22userIds%22%3A%5B%221652541%22%5D%7D&features=%7B%22profile_label_improvements_pcf_label_in_post_enabled%22%3Atrue%2C%22responsive_web_profile_redirect_enabled%22%3Afalse%2C%22rweb_tipjar_consumption_enabled%22%3Afalse%2C%22verified_phone_label_enabled%22%3Afalse%2C%22responsive_web_graphql_skip_user_profile_image_extensions_enabled%22%3Afalse%2C%22responsive_web_graphql_timeline_navigation_enabled%22%3Atrue%7D:0
[ 3799414ms] [ERROR] Failed to load resource: the server responded with a status of 403 () @ https://x.com/i/api/graphql/a74irv24XPYDjy5LSNQUXg/UsersByRestIds?variables=%7B%22userIds%22%3A%5B%224970411%22%5D%7D&features=%7B%22profile_label_improvements_pcf_label_in_post_enabled%22%3Atrue%2C%22responsive_web_profile_redirect_enabled%22%3Afalse%2C%22rweb_tipjar_consumption_enabled%22%3Afalse%2C%22verified_phone_label_enabled%22%3Afalse%2C%22responsive_web_graphql_skip_user_profile_image_extensions_enabled%22%3Afalse%2C%22responsive_web_graphql_timeline_navigation_enabled%22%3Atrue%7D:0
[ 3799425ms] a: ApiError: https://x.com/i/api/graphql/a74irv24XPYDjy5LSNQUXg/UsersByRestIds HTTP-403 codes:[1003]
    at u (https://abs.twimg.com/responsive-web/client-web/main.f2cf8c9a.js:17:114836)
    at p (https://abs.twimg.com/responsive-web/client-web/main.f2cf8c9a.js:17:115062)
    at https://abs.twimg.com/responsive-web/client-web/main.f2cf8c9a.js:17:115128
[ 3799429ms] a: ApiError: https://x.com/i/api/graphql/a74irv24XPYDjy5LSNQUXg/UsersByRestIds HTTP-403 codes:[1003]
    at u (https://abs.twimg.com/responsive-web/client-web/main.f2cf8c9a.js:17:114836)
    at p (https://abs.twimg.com/responsive-web/client-web/main.f2cf8c9a.js:17:115062)
    at https://abs.twimg.com/responsive-web/client-web/main.f2cf8c9a.js:17:115128
[ 3799448ms] [ERROR] Failed to load resource: the server responded with a status of 403 () @ https://x.com/i/api/1.1/graphql/error_log.json:0
[ 3799453ms] [ERROR] Failed to load resource: the server responded with a status of 403 () @ https://x.com/i/api/1.1/graphql/error_log.json:0
[ 4100530ms] [ERROR] Failed to load resource: the server responded with a status of 403 () @ https://x.com/i/api/graphql/a74irv24XPYDjy5LSNQUXg/UsersByRestIds?variables=%7B%22userIds%22%3A%5B%221652541%22%5D%7D&features=%7B%22profile_label_improvements_pcf_label_in_post_enabled%22%3Atrue%2C%22responsive_web_profile_redirect_enabled%22%3Afalse%2C%22rweb_tipjar_consumption_enabled%22%3Afalse%2C%22verified_phone_label_enabled%22%3Afalse%2C%22responsive_web_graphql_skip_user_profile_image_extensions_enabled%22%3Afalse%2C%22responsive_web_graphql_timeline_navigation_enabled%22%3Atrue%7D:0
[ 4100554ms] [ERROR] Failed to load resource: the server responded with a status of 403 () @ https://x.com/i/api/graphql/a74irv24XPYDjy5LSNQUXg/UsersByRestIds?variables=%7B%22userIds%22%3A%5B%224970411%22%5D%7D&features=%7B%22profile_label_improvements_pcf_label_in_post_enabled%22%3Atrue%2C%22responsive_web_profile_redirect_enabled%22%3Afalse%2C%22rweb_tipjar_consumption_enabled%22%3Afalse%2C%22verified_phone_label_enabled%22%3Afalse%2C%22responsive_web_graphql_skip_user_profile_image_extensions_enabled%22%3Afalse%2C%22responsive_web_graphql_timeline_navigation_enabled%22%3Atrue%7D:0
[ 4100567ms] a: ApiError: https://x.com/i/api/graphql/a74irv24XPYDjy5LSNQUXg/UsersByRestIds HTTP-403 codes:[1003]
    at u (https://abs.twimg.com/responsive-web/client-web/main.f2cf8c9a.js:17:114836)
    at p (https://abs.twimg.com/responsive-web/client-web/main.f2cf8c9a.js:17:115062)
    at https://abs.twimg.com/responsive-web/client-web/main.f2cf8c9a.js:17:115128
[ 4100570ms] a: ApiError: https://x.com/i/api/graphql/a74irv24XPYDjy5LSNQUXg/UsersByRestIds HTTP-403 codes:[1003]
    at u (https://abs.twimg.com/responsive-web/client-web/main.f2cf8c9a.js:17:114836)
    at p (https://abs.twimg.com/responsive-web/client-web/main.f2cf8c9a.js:17:115062)
    at https://abs.twimg.com/responsive-web/client-web/main.f2cf8c9a.js:17:115128
[ 4100589ms] [ERROR] Failed to load resource: the server responded with a status of 403 () @ https://x.com/i/api/1.1/graphql/error_log.json:0
[ 4100605ms] [ERROR] Failed to load resource: the server responded with a status of 403 () @ https://x.com/i/api/1.1/graphql/error_log.json:0
[ 4400660ms] [ERROR] Failed to load resource: the server responded with a status of 403 () @ https://x.com/i/api/graphql/a74irv24XPYDjy5LSNQUXg/UsersByRestIds?variables=%7B%22userIds%22%3A%5B%221652541%22%5D%7D&features=%7B%22profile_label_improvements_pcf_label_in_post_enabled%22%3Atrue%2C%22responsive_web_profile_redirect_enabled%22%3Afalse%2C%22rweb_tipjar_consumption_enabled%22%3Afalse%2C%22verified_phone_label_enabled%22%3Afalse%2C%22responsive_web_graphql_skip_user_profile_image_extensions_enabled%22%3Afalse%2C%22responsive_web_graphql_timeline_navigation_enabled%22%3Atrue%7D:0
[ 4400668ms] [ERROR] Failed to load resource: the server responded with a status of 403 () @ https://x.com/i/api/graphql/a74irv24XPYDjy5LSNQUXg/UsersByRestIds?variables=%7B%22userIds%22%3A%5B%224970411%22%5D%7D&features=%7B%22profile_label_improvements_pcf_label_in_post_enabled%22%3Atrue%2C%22responsive_web_profile_redirect_enabled%22%3Afalse%2C%22rweb_tipjar_consumption_enabled%22%3Afalse%2C%22verified_phone_label_enabled%22%3Afalse%2C%22responsive_web_graphql_skip_user_profile_image_extensions_enabled%22%3Afalse%2C%22responsive_web_graphql_timeline_navigation_enabled%22%3Atrue%7D:0
[ 4400689ms] a: ApiError: https://x.com/i/api/graphql/a74irv24XPYDjy5LSNQUXg/UsersByRestIds HTTP-403 codes:[1003]
    at u (https://abs.twimg.com/responsive-web/client-web/main.f2cf8c9a.js:17:114836)
    at p (https://abs.twimg.com/responsive-web/client-web/main.f2cf8c9a.js:17:115062)
    at https://abs.twimg.com/responsive-web/client-web/main.f2cf8c9a.js:17:115128
[ 4400696ms] a: ApiError: https://x.com/i/api/graphql/a74irv24XPYDjy5LSNQUXg/UsersByRestIds HTTP-403 codes:[1003]
    at u (https://abs.twimg.com/responsive-web/client-web/main.f2cf8c9a.js:17:114836)
    at p (https://abs.twimg.com/responsive-web/client-web/main.f2cf8c9a.js:17:115062)
    at https://abs.twimg.com/responsive-web/client-web/main.f2cf8c9a.js:17:115128
[ 4400720ms] [ERROR] Failed to load resource: the server responded with a status of 403 () @ https://x.com/i/api/1.1/graphql/error_log.json:0
[ 4400722ms] [ERROR] Failed to load resource: the server responded with a status of 403 () @ https://x.com/i/api/1.1/graphql/error_log.json:0
[ 4700741ms] [ERROR] Failed to load resource: the server responded with a status of 403 () @ https://x.com/i/api/graphql/a74irv24XPYDjy5LSNQUXg/UsersByRestIds?variables=%7B%22userIds%22%3A%5B%224970411%22%5D%7D&features=%7B%22profile_label_improvements_pcf_label_in_post_enabled%22%3Atrue%2C%22responsive_web_profile_redirect_enabled%22%3Afalse%2C%22rweb_tipjar_consumption_enabled%22%3Afalse%2C%22verified_phone_label_enabled%22%3Afalse%2C%22responsive_web_graphql_skip_user_profile_image_extensions_enabled%22%3Afalse%2C%22responsive_web_graphql_timeline_navigation_enabled%22%3Atrue%7D:0
[ 4700756ms] [ERROR] Failed to load resource: the server responded with a status of 403 () @ https://x.com/i/api/graphql/a74irv24XPYDjy5LSNQUXg/UsersByRestIds?variables=%7B%22userIds%22%3A%5B%221652541%22%5D%7D&features=%7B%22profile_label_improvements_pcf_label_in_post_enabled%22%3Atrue%2C%22responsive_web_profile_redirect_enabled%22%3Afalse%2C%22rweb_tipjar_consumption_enabled%22%3Afalse%2C%22verified_phone_label_enabled%22%3Afalse%2C%22responsive_web_graphql_skip_user_profile_image_extensions_enabled%22%3Afalse%2C%22responsive_web_graphql_timeline_navigation_enabled%22%3Atrue%7D:0
[ 4700769ms] a: ApiError: https://x.com/i/api/graphql/a74irv24XPYDjy5LSNQUXg/UsersByRestIds HTTP-403 codes:[1003]
    at u (https://abs.twimg.com/responsive-web/client-web/main.f2cf8c9a.js:17:114836)
    at p (https://abs.twimg.com/responsive-web/client-web/main.f2cf8c9a.js:17:115062)
    at https://abs.twimg.com/responsive-web/client-web/main.f2cf8c9a.js:17:115128
[ 4700771ms] a: ApiError: https://x.com/i/api/graphql/a74irv24XPYDjy5LSNQUXg/UsersByRestIds HTTP-403 codes:[1003]
    at u (https://abs.twimg.com/responsive-web/client-web/main.f2cf8c9a.js:17:114836)
    at p (https://abs.twimg.com/responsive-web/client-web/main.f2cf8c9a.js:17:115062)
    at https://abs.twimg.com/responsive-web/client-web/main.f2cf8c9a.js:17:115128
[ 4700797ms] [ERROR] Failed to load resource: the server responded with a status of 403 () @ https://x.com/i/api/1.1/graphql/error_log.json:0
[ 4700799ms] [ERROR] Failed to load resource: the server responded with a status of 403 () @ https://x.com/i/api/1.1/graphql/error_log.json:0
[ 5000809ms] [ERROR] Failed to load resource: the server responded with a status of 403 () @ https://x.com/i/api/graphql/a74irv24XPYDjy5LSNQUXg/UsersByRestIds?variables=%7B%22userIds%22%3A%5B%224970411%22%5D%7D&features=%7B%22profile_label_improvements_pcf_label_in_post_enabled%22%3Atrue%2C%22responsive_web_profile_redirect_enabled%22%3Afalse%2C%22rweb_tipjar_consumption_enabled%22%3Afalse%2C%22verified_phone_label_enabled%22%3Afalse%2C%22responsive_web_graphql_skip_user_profile_image_extensions_enabled%22%3Afalse%2C%22responsive_web_graphql_timeline_navigation_enabled%22%3Atrue%7D:0
[ 5000830ms] a: ApiError: https://x.com/i/api/graphql/a74irv24XPYDjy5LSNQUXg/UsersByRestIds HTTP-403 codes:[1003]
    at u (https://abs.twimg.com/responsive-web/client-web/main.f2cf8c9a.js:17:114836)
    at p (https://abs.twimg.com/responsive-web/client-web/main.f2cf8c9a.js:17:115062)
    at https://abs.twimg.com/responsive-web/client-web/main.f2cf8c9a.js:17:115128
[ 5000856ms] [ERROR] Failed to load resource: the server responded with a status of 403 () @ https://x.com/i/api/1.1/graphql/error_log.json:0
[ 5300850ms] [ERROR] Failed to load resource: the server responded with a status of 403 () @ https://x.com/i/api/graphql/a74irv24XPYDjy5LSNQUXg/UsersByRestIds?variables=%7B%22userIds%22%3A%5B%224970411%22%5D%7D&features=%7B%22profile_label_improvements_pcf_label_in_post_enabled%22%3Atrue%2C%22responsive_web_profile_redirect_enabled%22%3Afalse%2C%22rweb_tipjar_consumption_enabled%22%3Afalse%2C%22verified_phone_label_enabled%22%3Afalse%2C%22responsive_web_graphql_skip_user_profile_image_extensions_enabled%22%3Afalse%2C%22responsive_web_graphql_timeline_navigation_enabled%22%3Atrue%7D:0
[ 5300892ms] a: ApiError: https://x.com/i/api/graphql/a74irv24XPYDjy5LSNQUXg/UsersByRestIds HTTP-403 codes:[1003]
    at u (https://abs.twimg.com/responsive-web/client-web/main.f2cf8c9a.js:17:114836)
    at p (https://abs.twimg.com/responsive-web/client-web/main.f2cf8c9a.js:17:115062)
    at https://abs.twimg.com/responsive-web/client-web/main.f2cf8c9a.js:17:115128
[ 5300927ms] [ERROR] Failed to load resource: the server responded with a status of 403 () @ https://x.com/i/api/1.1/graphql/error_log.json:0
[ 5503196ms] [ERROR] Failed to load resource: the server responded with a status of 400 () @ https://api.x.com/1.1/live_pipeline/update_subscriptions:0
[ 5600875ms] [ERROR] Failed to load resource: the server responded with a status of 403 () @ https://x.com/i/api/graphql/a74irv24XPYDjy5LSNQUXg/UsersByRestIds?variables=%7B%22userIds%22%3A%5B%224970411%22%5D%7D&features=%7B%22profile_label_improvements_pcf_label_in_post_enabled%22%3Atrue%2C%22responsive_web_profile_redirect_enabled%22%3Afalse%2C%22rweb_tipjar_consumption_enabled%22%3Afalse%2C%22verified_phone_label_enabled%22%3Afalse%2C%22responsive_web_graphql_skip_user_profile_image_extensions_enabled%22%3Afalse%2C%22responsive_web_graphql_timeline_navigation_enabled%22%3Atrue%7D:0
[ 5600884ms] a: ApiError: https://x.com/i/api/graphql/a74irv24XPYDjy5LSNQUXg/UsersByRestIds HTTP-403 codes:[1003]
    at u (https://abs.twimg.com/responsive-web/client-web/main.f2cf8c9a.js:17:114836)
    at p (https://abs.twimg.com/responsive-web/client-web/main.f2cf8c9a.js:17:115062)
    at https://abs.twimg.com/responsive-web/client-web/main.f2cf8c9a.js:17:115128
[ 5600911ms] [ERROR] Failed to load resource: the server responded with a status of 403 () @ https://x.com/i/api/1.1/graphql/error_log.json:0
[ 5900959ms] [ERROR] Failed to load resource: the server responded with a status of 403 () @ https://x.com/i/api/graphql/a74irv24XPYDjy5LSNQUXg/UsersByRestIds?variables=%7B%22userIds%22%3A%5B%224970411%22%5D%7D&features=%7B%22profile_label_improvements_pcf_label_in_post_enabled%22%3Atrue%2C%22responsive_web_profile_redirect_enabled%22%3Afalse%2C%22rweb_tipjar_consumption_enabled%22%3Afalse%2C%22verified_phone_label_enabled%22%3Afalse%2C%22responsive_web_graphql_skip_user_profile_image_extensions_enabled%22%3Afalse%2C%22responsive_web_graphql_timeline_navigation_enabled%22%3Atrue%7D:0
[ 5900978ms] a: ApiError: https://x.com/i/api/graphql/a74irv24XPYDjy5LSNQUXg/UsersByRestIds HTTP-403 codes:[1003]
    at u (https://abs.twimg.com/responsive-web/client-web/main.f2cf8c9a.js:17:114836)
    at p (https://abs.twimg.com/responsive-web/client-web/main.f2cf8c9a.js:17:115062)
    at https://abs.twimg.com/responsive-web/client-web/main.f2cf8c9a.js:17:115128
[ 5901016ms] [ERROR] Failed to load resource: the server responded with a status of 403 () @ https://x.com/i/api/1.1/graphql/error_log.json:0
[ 6201017ms] [ERROR] Failed to load resource: the server responded with a status of 403 () @ https://x.com/i/api/graphql/a74irv24XPYDjy5LSNQUXg/UsersByRestIds?variables=%7B%22userIds%22%3A%5B%221652541%22%5D%7D&features=%7B%22profile_label_improvements_pcf_label_in_post_enabled%22%3Atrue%2C%22responsive_web_profile_redirect_enabled%22%3Afalse%2C%22rweb_tipjar_consumption_enabled%22%3Afalse%2C%22verified_phone_label_enabled%22%3Afalse%2C%22responsive_web_graphql_skip_user_profile_image_extensions_enabled%22%3Afalse%2C%22responsive_web_graphql_timeline_navigation_enabled%22%3Atrue%7D:0
[ 6201023ms] [ERROR] Failed to load resource: the server responded with a status of 403 () @ https://x.com/i/api/graphql/a74irv24XPYDjy5LSNQUXg/UsersByRestIds?variables=%7B%22userIds%22%3A%5B%224970411%22%5D%7D&features=%7B%22profile_label_improvements_pcf_label_in_post_enabled%22%3Atrue%2C%22responsive_web_profile_redirect_enabled%22%3Afalse%2C%22rweb_tipjar_consumption_enabled%22%3Afalse%2C%22verified_phone_label_enabled%22%3Afalse%2C%22responsive_web_graphql_skip_user_profile_image_extensions_enabled%22%3Afalse%2C%22responsive_web_graphql_timeline_navigation_enabled%22%3Atrue%7D:0
[ 6201040ms] a: ApiError: https://x.com/i/api/graphql/a74irv24XPYDjy5LSNQUXg/UsersByRestIds HTTP-403 codes:[1003]
    at u (https://abs.twimg.com/responsive-web/client-web/main.f2cf8c9a.js:17:114836)
    at p (https://abs.twimg.com/responsive-web/client-web/main.f2cf8c9a.js:17:115062)
    at https://abs.twimg.com/responsive-web/client-web/main.f2cf8c9a.js:17:115128
[ 6201044ms] a: ApiError: https://x.com/i/api/graphql/a74irv24XPYDjy5LSNQUXg/UsersByRestIds HTTP-403 codes:[1003]
    at u (https://abs.twimg.com/responsive-web/client-web/main.f2cf8c9a.js:17:114836)
    at p (https://abs.twimg.com/responsive-web/client-web/main.f2cf8c9a.js:17:115062)
    at https://abs.twimg.com/responsive-web/client-web/main.f2cf8c9a.js:17:115128
[ 6201082ms] [ERROR] Failed to load resource: the server responded with a status of 403 () @ https://x.com/i/api/1.1/graphql/error_log.json:0
[ 6201089ms] [ERROR] Failed to load resource: the server responded with a status of 403 () @ https://x.com/i/api/1.1/graphql/error_log.json:0
[ 6501049ms] [ERROR] Failed to load resource: the server responded with a status of 403 () @ https://x.com/i/api/graphql/a74irv24XPYDjy5LSNQUXg/UsersByRestIds?variables=%7B%22userIds%22%3A%5B%221652541%22%5D%7D&features=%7B%22profile_label_improvements_pcf_label_in_post_enabled%22%3Atrue%2C%22responsive_web_profile_redirect_enabled%22%3Afalse%2C%22rweb_tipjar_consumption_enabled%22%3Afalse%2C%22verified_phone_label_enabled%22%3Afalse%2C%22responsive_web_graphql_skip_user_profile_image_extensions_enabled%22%3Afalse%2C%22responsive_web_graphql_timeline_navigation_enabled%22%3Atrue%7D:0
[ 6501065ms] [ERROR] Failed to load resource: the server responded with a status of 403 () @ https://x.com/i/api/graphql/a74irv24XPYDjy5LSNQUXg/UsersByRestIds?variables=%7B%22userIds%22%3A%5B%224970411%22%5D%7D&features=%7B%22profile_label_improvements_pcf_label_in_post_enabled%22%3Atrue%2C%22responsive_web_profile_redirect_enabled%22%3Afalse%2C%22rweb_tipjar_consumption_enabled%22%3Afalse%2C%22verified_phone_label_enabled%22%3Afalse%2C%22responsive_web_graphql_skip_user_profile_image_extensions_enabled%22%3Afalse%2C%22responsive_web_graphql_timeline_navigation_enabled%22%3Atrue%7D:0
[ 6501097ms] a: ApiError: https://x.com/i/api/graphql/a74irv24XPYDjy5LSNQUXg/UsersByRestIds HTTP-403 codes:[1003]
    at u (https://abs.twimg.com/responsive-web/client-web/main.f2cf8c9a.js:17:114836)
    at p (https://abs.twimg.com/responsive-web/client-web/main.f2cf8c9a.js:17:115062)
    at https://abs.twimg.com/responsive-web/client-web/main.f2cf8c9a.js:17:115128
[ 6501102ms] a: ApiError: https://x.com/i/api/graphql/a74irv24XPYDjy5LSNQUXg/UsersByRestIds HTTP-403 codes:[1003]
    at u (https://abs.twimg.com/responsive-web/client-web/main.f2cf8c9a.js:17:114836)
    at p (https://abs.twimg.com/responsive-web/client-web/main.f2cf8c9a.js:17:115062)
    at https://abs.twimg.com/responsive-web/client-web/main.f2cf8c9a.js:17:115128
[ 6501133ms] [ERROR] Failed to load resource: the server responded with a status of 403 () @ https://x.com/i/api/1.1/graphql/error_log.json:0
[ 6501261ms] [ERROR] Failed to load resource: the server responded with a status of 403 () @ https://x.com/i/api/1.1/graphql/error_log.json:0
[ 6801148ms] [ERROR] Failed to load resource: the server responded with a status of 403 () @ https://x.com/i/api/graphql/a74irv24XPYDjy5LSNQUXg/UsersByRestIds?variables=%7B%22userIds%22%3A%5B%221652541%22%5D%7D&features=%7B%22profile_label_improvements_pcf_label_in_post_enabled%22%3Atrue%2C%22responsive_web_profile_redirect_enabled%22%3Afalse%2C%22rweb_tipjar_consumption_enabled%22%3Afalse%2C%22verified_phone_label_enabled%22%3Afalse%2C%22responsive_web_graphql_skip_user_profile_image_extensions_enabled%22%3Afalse%2C%22responsive_web_graphql_timeline_navigation_enabled%22%3Atrue%7D:0
[ 6801157ms] [ERROR] Failed to load resource: the server responded with a status of 403 () @ https://x.com/i/api/graphql/a74irv24XPYDjy5LSNQUXg/UsersByRestIds?variables=%7B%22userIds%22%3A%5B%224970411%22%5D%7D&features=%7B%22profile_label_improvements_pcf_label_in_post_enabled%22%3Atrue%2C%22responsive_web_profile_redirect_enabled%22%3Afalse%2C%22rweb_tipjar_consumption_enabled%22%3Afalse%2C%22verified_phone_label_enabled%22%3Afalse%2C%22responsive_web_graphql_skip_user_profile_image_extensions_enabled%22%3Afalse%2C%22responsive_web_graphql_timeline_navigation_enabled%22%3Atrue%7D:0
[ 6801179ms] a: ApiError: https://x.com/i/api/graphql/a74irv24XPYDjy5LSNQUXg/UsersByRestIds HTTP-403 codes:[1003]
    at u (https://abs.twimg.com/responsive-web/client-web/main.f2cf8c9a.js:17:114836)
    at p (https://abs.twimg.com/responsive-web/client-web/main.f2cf8c9a.js:17:115062)
    at https://abs.twimg.com/responsive-web/client-web/main.f2cf8c9a.js:17:115128
[ 6801180ms] a: ApiError: https://x.com/i/api/graphql/a74irv24XPYDjy5LSNQUXg/UsersByRestIds HTTP-403 codes:[1003]
    at u (https://abs.twimg.com/responsive-web/client-web/main.f2cf8c9a.js:17:114836)
    at p (https://abs.twimg.com/responsive-web/client-web/main.f2cf8c9a.js:17:115062)
    at https://abs.twimg.com/responsive-web/client-web/main.f2cf8c9a.js:17:115128
[ 6801205ms] [ERROR] Failed to load resource: the server responded with a status of 403 () @ https://x.com/i/api/1.1/graphql/error_log.json:0
[ 6801246ms] [ERROR] Failed to load resource: the server responded with a status of 403 () @ https://x.com/i/api/1.1/graphql/error_log.json:0
[ 7101239ms] [ERROR] Failed to load resource: the server responded with a status of 403 () @ https://x.com/i/api/graphql/a74irv24XPYDjy5LSNQUXg/UsersByRestIds?variables=%7B%22userIds%22%3A%5B%221652541%22%5D%7D&features=%7B%22profile_label_improvements_pcf_label_in_post_enabled%22%3Atrue%2C%22responsive_web_profile_redirect_enabled%22%3Afalse%2C%22rweb_tipjar_consumption_enabled%22%3Afalse%2C%22verified_phone_label_enabled%22%3Afalse%2C%22responsive_web_graphql_skip_user_profile_image_extensions_enabled%22%3Afalse%2C%22responsive_web_graphql_timeline_navigation_enabled%22%3Atrue%7D:0
[ 7101249ms] [ERROR] Failed to load resource: the server responded with a status of 403 () @ https://x.com/i/api/graphql/a74irv24XPYDjy5LSNQUXg/UsersByRestIds?variables=%7B%22userIds%22%3A%5B%224970411%22%5D%7D&features=%7B%22profile_label_improvements_pcf_label_in_post_enabled%22%3Atrue%2C%22responsive_web_profile_redirect_enabled%22%3Afalse%2C%22rweb_tipjar_consumption_enabled%22%3Afalse%2C%22verified_phone_label_enabled%22%3Afalse%2C%22responsive_web_graphql_skip_user_profile_image_extensions_enabled%22%3Afalse%2C%22responsive_web_graphql_timeline_navigation_enabled%22%3Atrue%7D:0
[ 7101261ms] a: ApiError: https://x.com/i/api/graphql/a74irv24XPYDjy5LSNQUXg/UsersByRestIds HTTP-403 codes:[1003]
    at u (https://abs.twimg.com/responsive-web/client-web/main.f2cf8c9a.js:17:114836)
    at p (https://abs.twimg.com/responsive-web/client-web/main.f2cf8c9a.js:17:115062)
    at https://abs.twimg.com/responsive-web/client-web/main.f2cf8c9a.js:17:115128
[ 7101265ms] a: ApiError: https://x.com/i/api/graphql/a74irv24XPYDjy5LSNQUXg/UsersByRestIds HTTP-403 codes:[1003]
    at u (https://abs.twimg.com/responsive-web/client-web/main.f2cf8c9a.js:17:114836)
    at p (https://abs.twimg.com/responsive-web/client-web/main.f2cf8c9a.js:17:115062)
    at https://abs.twimg.com/responsive-web/client-web/main.f2cf8c9a.js:17:115128
[ 7101293ms] [ERROR] Failed to load resource: the server responded with a status of 403 () @ https://x.com/i/api/1.1/graphql/error_log.json:0
[ 7101349ms] [ERROR] Failed to load resource: the server responded with a status of 403 () @ https://x.com/i/api/1.1/graphql/error_log.json:0
[ 7401280ms] [ERROR] Failed to load resource: the server responded with a status of 403 () @ https://x.com/i/api/graphql/a74irv24XPYDjy5LSNQUXg/UsersByRestIds?variables=%7B%22userIds%22%3A%5B%224970411%22%5D%7D&features=%7B%22profile_label_improvements_pcf_label_in_post_enabled%22%3Atrue%2C%22responsive_web_profile_redirect_enabled%22%3Afalse%2C%22rweb_tipjar_consumption_enabled%22%3Afalse%2C%22verified_phone_label_enabled%22%3Afalse%2C%22responsive_web_graphql_skip_user_profile_image_extensions_enabled%22%3Afalse%2C%22responsive_web_graphql_timeline_navigation_enabled%22%3Atrue%7D:0
[ 7401297ms] [ERROR] Failed to load resource: the server responded with a status of 403 () @ https://x.com/i/api/graphql/a74irv24XPYDjy5LSNQUXg/UsersByRestIds?variables=%7B%22userIds%22%3A%5B%221652541%22%5D%7D&features=%7B%22profile_label_improvements_pcf_label_in_post_enabled%22%3Atrue%2C%22responsive_web_profile_redirect_enabled%22%3Afalse%2C%22rweb_tipjar_consumption_enabled%22%3Afalse%2C%22verified_phone_label_enabled%22%3Afalse%2C%22responsive_web_graphql_skip_user_profile_image_extensions_enabled%22%3Afalse%2C%22responsive_web_graphql_timeline_navigation_enabled%22%3Atrue%7D:0
[ 7401311ms] a: ApiError: https://x.com/i/api/graphql/a74irv24XPYDjy5LSNQUXg/UsersByRestIds HTTP-403 codes:[1003]
    at u (https://abs.twimg.com/responsive-web/client-web/main.f2cf8c9a.js:17:114836)
    at p (https://abs.twimg.com/responsive-web/client-web/main.f2cf8c9a.js:17:115062)
    at https://abs.twimg.com/responsive-web/client-web/main.f2cf8c9a.js:17:115128
[ 7401317ms] a: ApiError: https://x.com/i/api/graphql/a74irv24XPYDjy5LSNQUXg/UsersByRestIds HTTP-403 codes:[1003]
    at u (https://abs.twimg.com/responsive-web/client-web/main.f2cf8c9a.js:17:114836)
    at p (https://abs.twimg.com/responsive-web/client-web/main.f2cf8c9a.js:17:115062)
    at https://abs.twimg.com/responsive-web/client-web/main.f2cf8c9a.js:17:115128
[ 7401341ms] [ERROR] Failed to load resource: the server responded with a status of 403 () @ https://x.com/i/api/1.1/graphql/error_log.json:0
[ 7401347ms] [ERROR] Failed to load resource: the server responded with a status of 403 () @ https://x.com/i/api/1.1/graphql/error_log.json:0
[ 7701407ms] [ERROR] Failed to load resource: the server responded with a status of 403 () @ https://x.com/i/api/graphql/a74irv24XPYDjy5LSNQUXg/UsersByRestIds?variables=%7B%22userIds%22%3A%5B%224970411%22%5D%7D&features=%7B%22profile_label_improvements_pcf_label_in_post_enabled%22%3Atrue%2C%22responsive_web_profile_redirect_enabled%22%3Afalse%2C%22rweb_tipjar_consumption_enabled%22%3Afalse%2C%22verified_phone_label_enabled%22%3Afalse%2C%22responsive_web_graphql_skip_user_profile_image_extensions_enabled%22%3Afalse%2C%22responsive_web_graphql_timeline_navigation_enabled%22%3Atrue%7D:0
[ 7701434ms] a: ApiError: https://x.com/i/api/graphql/a74irv24XPYDjy5LSNQUXg/UsersByRestIds HTTP-403 codes:[1003]
    at u (https://abs.twimg.com/responsive-web/client-web/main.f2cf8c9a.js:17:114836)
    at p (https://abs.twimg.com/responsive-web/client-web/main.f2cf8c9a.js:17:115062)
    at https://abs.twimg.com/responsive-web/client-web/main.f2cf8c9a.js:17:115128
[ 7701486ms] [ERROR] Failed to load resource: the server responded with a status of 403 () @ https://x.com/i/api/1.1/graphql/error_log.json:0
[ 8001590ms] [ERROR] Failed to load resource: the server responded with a status of 403 () @ https://x.com/i/api/graphql/a74irv24XPYDjy5LSNQUXg/UsersByRestIds?variables=%7B%22userIds%22%3A%5B%224970411%22%5D%7D&features=%7B%22profile_label_improvements_pcf_label_in_post_enabled%22%3Atrue%2C%22responsive_web_profile_redirect_enabled%22%3Afalse%2C%22rweb_tipjar_consumption_enabled%22%3Afalse%2C%22verified_phone_label_enabled%22%3Afalse%2C%22responsive_web_graphql_skip_user_profile_image_extensions_enabled%22%3Afalse%2C%22responsive_web_graphql_timeline_navigation_enabled%22%3Atrue%7D:0
[ 8001620ms] a: ApiError: https://x.com/i/api/graphql/a74irv24XPYDjy5LSNQUXg/UsersByRestIds HTTP-403 codes:[1003]
    at u (https://abs.twimg.com/responsive-web/client-web/main.f2cf8c9a.js:17:114836)
    at p (https://abs.twimg.com/responsive-web/client-web/main.f2cf8c9a.js:17:115062)
    at https://abs.twimg.com/responsive-web/client-web/main.f2cf8c9a.js:17:115128
[ 8001676ms] [ERROR] Failed to load resource: the server responded with a status of 403 () @ https://x.com/i/api/1.1/graphql/error_log.json:0
[ 8205240ms] [ERROR] Failed to load resource: the server responded with a status of 400 () @ https://api.x.com/1.1/live_pipeline/update_subscriptions:0
[ 8301688ms] [ERROR] Failed to load resource: the server responded with a status of 403 () @ https://x.com/i/api/graphql/a74irv24XPYDjy5LSNQUXg/UsersByRestIds?variables=%7B%22userIds%22%3A%5B%224970411%22%5D%7D&features=%7B%22profile_label_improvements_pcf_label_in_post_enabled%22%3Atrue%2C%22responsive_web_profile_redirect_enabled%22%3Afalse%2C%22rweb_tipjar_consumption_enabled%22%3Afalse%2C%22verified_phone_label_enabled%22%3Afalse%2C%22responsive_web_graphql_skip_user_profile_image_extensions_enabled%22%3Afalse%2C%22responsive_web_graphql_timeline_navigation_enabled%22%3Atrue%7D:0
[ 8301710ms] a: ApiError: https://x.com/i/api/graphql/a74irv24XPYDjy5LSNQUXg/UsersByRestIds HTTP-403 codes:[1003]
    at u (https://abs.twimg.com/responsive-web/client-web/main.f2cf8c9a.js:17:114836)
    at p (https://abs.twimg.com/responsive-web/client-web/main.f2cf8c9a.js:17:115062)
    at https://abs.twimg.com/responsive-web/client-web/main.f2cf8c9a.js:17:115128
[ 8301740ms] [ERROR] Failed to load resource: the server responded with a status of 403 () @ https://x.com/i/api/1.1/graphql/error_log.json:0
[ 8601867ms] [ERROR] Failed to load resource: the server responded with a status of 403 () @ https://x.com/i/api/graphql/a74irv24XPYDjy5LSNQUXg/UsersByRestIds?variables=%7B%22userIds%22%3A%5B%224970411%22%5D%7D&features=%7B%22profile_label_improvements_pcf_label_in_post_enabled%22%3Atrue%2C%22responsive_web_profile_redirect_enabled%22%3Afalse%2C%22rweb_tipjar_consumption_enabled%22%3Afalse%2C%22verified_phone_label_enabled%22%3Afalse%2C%22responsive_web_graphql_skip_user_profile_image_extensions_enabled%22%3Afalse%2C%22responsive_web_graphql_timeline_navigation_enabled%22%3Atrue%7D:0
[ 8601888ms] a: ApiError: https://x.com/i/api/graphql/a74irv24XPYDjy5LSNQUXg/UsersByRestIds HTTP-403 codes:[1003]
    at u (https://abs.twimg.com/responsive-web/client-web/main.f2cf8c9a.js:17:114836)
    at p (https://abs.twimg.com/responsive-web/client-web/main.f2cf8c9a.js:17:115062)
    at https://abs.twimg.com/responsive-web/client-web/main.f2cf8c9a.js:17:115128
[ 8601911ms] [ERROR] Failed to load resource: the server responded with a status of 403 () @ https://x.com/i/api/1.1/graphql/error_log.json:0
[ 8901987ms] [ERROR] Failed to load resource: the server responded with a status of 403 () @ https://x.com/i/api/graphql/a74irv24XPYDjy5LSNQUXg/UsersByRestIds?variables=%7B%22userIds%22%3A%5B%224970411%22%5D%7D&features=%7B%22profile_label_improvements_pcf_label_in_post_enabled%22%3Atrue%2C%22responsive_web_profile_redirect_enabled%22%3Afalse%2C%22rweb_tipjar_consumption_enabled%22%3Afalse%2C%22verified_phone_label_enabled%22%3Afalse%2C%22responsive_web_graphql_skip_user_profile_image_extensions_enabled%22%3Afalse%2C%22responsive_web_graphql_timeline_navigation_enabled%22%3Atrue%7D:0
[ 8902007ms] a: ApiError: https://x.com/i/api/graphql/a74irv24XPYDjy5LSNQUXg/UsersByRestIds HTTP-403 codes:[1003]
    at u (https://abs.twimg.com/responsive-web/client-web/main.f2cf8c9a.js:17:114836)
    at p (https://abs.twimg.com/responsive-web/client-web/main.f2cf8c9a.js:17:115062)
    at https://abs.twimg.com/responsive-web/client-web/main.f2cf8c9a.js:17:115128
[ 8902031ms] [ERROR] Failed to load resource: the server responded with a status of 403 () @ https://x.com/i/api/1.1/graphql/error_log.json:0
[ 9202117ms] [ERROR] Failed to load resource: the server responded with a status of 403 () @ https://x.com/i/api/graphql/a74irv24XPYDjy5LSNQUXg/UsersByRestIds?variables=%7B%22userIds%22%3A%5B%224970411%22%5D%7D&features=%7B%22profile_label_improvements_pcf_label_in_post_enabled%22%3Atrue%2C%22responsive_web_profile_redirect_enabled%22%3Afalse%2C%22rweb_tipjar_consumption_enabled%22%3Afalse%2C%22verified_phone_label_enabled%22%3Afalse%2C%22responsive_web_graphql_skip_user_profile_image_extensions_enabled%22%3Afalse%2C%22responsive_web_graphql_timeline_navigation_enabled%22%3Atrue%7D:0
[ 9202132ms] a: ApiError: https://x.com/i/api/graphql/a74irv24XPYDjy5LSNQUXg/UsersByRestIds HTTP-403 codes:[1003]
    at u (https://abs.twimg.com/responsive-web/client-web/main.f2cf8c9a.js:17:114836)
    at p (https://abs.twimg.com/responsive-web/client-web/main.f2cf8c9a.js:17:115062)
    at https://abs.twimg.com/responsive-web/client-web/main.f2cf8c9a.js:17:115128
[ 9202158ms] [ERROR] Failed to load resource: the server responded with a status of 403 () @ https://x.com/i/api/1.1/graphql/error_log.json:0
[ 9502347ms] [ERROR] Failed to load resource: the server responded with a status of 403 () @ https://x.com/i/api/graphql/a74irv24XPYDjy5LSNQUXg/UsersByRestIds?variables=%7B%22userIds%22%3A%5B%224970411%22%5D%7D&features=%7B%22profile_label_improvements_pcf_label_in_post_enabled%22%3Atrue%2C%22responsive_web_profile_redirect_enabled%22%3Afalse%2C%22rweb_tipjar_consumption_enabled%22%3Afalse%2C%22verified_phone_label_enabled%22%3Afalse%2C%22responsive_web_graphql_skip_user_profile_image_extensions_enabled%22%3Afalse%2C%22responsive_web_graphql_timeline_navigation_enabled%22%3Atrue%7D:0
[ 9502359ms] a: ApiError: https://x.com/i/api/graphql/a74irv24XPYDjy5LSNQUXg/UsersByRestIds HTTP-403 codes:[1003]
    at u (https://abs.twimg.com/responsive-web/client-web/main.f2cf8c9a.js:17:114836)
    at p (https://abs.twimg.com/responsive-web/client-web/main.f2cf8c9a.js:17:115062)
    at https://abs.twimg.com/responsive-web/client-web/main.f2cf8c9a.js:17:115128
[ 9502389ms] [ERROR] Failed to load resource: the server responded with a status of 403 () @ https://x.com/i/api/1.1/graphql/error_log.json:0
[ 9686055ms] [ERROR] Failed to load resource: the server responded with a status of 403 () @ https://x.com/i/api/graphql/a74irv24XPYDjy5LSNQUXg/UsersByRestIds?variables=%7B%22userIds%22%3A%5B%224970411%22%5D%7D&features=%7B%22profile_label_improvements_pcf_label_in_post_enabled%22%3Atrue%2C%22responsive_web_profile_redirect_enabled%22%3Afalse%2C%22rweb_tipjar_consumption_enabled%22%3Afalse%2C%22verified_phone_label_enabled%22%3Afalse%2C%22responsive_web_graphql_skip_user_profile_image_extensions_enabled%22%3Afalse%2C%22responsive_web_graphql_timeline_navigation_enabled%22%3Atrue%7D:0
[ 9686067ms] [ERROR] Failed to load resource: the server responded with a status of 403 () @ https://x.com/i/api/graphql/a74irv24XPYDjy5LSNQUXg/UsersByRestIds?variables=%7B%22userIds%22%3A%5B%22329239536%22%5D%7D&features=%7B%22profile_label_improvements_pcf_label_in_post_enabled%22%3Atrue%2C%22responsive_web_profile_redirect_enabled%22%3Afalse%2C%22rweb_tipjar_consumption_enabled%22%3Afalse%2C%22verified_phone_label_enabled%22%3Afalse%2C%22responsive_web_graphql_skip_user_profile_image_extensions_enabled%22%3Afalse%2C%22responsive_web_graphql_timeline_navigation_enabled%22%3Atrue%7D:0
[ 9686097ms] a: ApiError: https://x.com/i/api/graphql/a74irv24XPYDjy5LSNQUXg/UsersByRestIds HTTP-403 codes:[1003]
    at u (https://abs.twimg.com/responsive-web/client-web/main.f2cf8c9a.js:17:114836)
    at p (https://abs.twimg.com/responsive-web/client-web/main.f2cf8c9a.js:17:115062)
    at https://abs.twimg.com/responsive-web/client-web/main.f2cf8c9a.js:17:115128
[ 9686100ms] a: ApiError: https://x.com/i/api/graphql/a74irv24XPYDjy5LSNQUXg/UsersByRestIds HTTP-403 codes:[1003]
    at u (https://abs.twimg.com/responsive-web/client-web/main.f2cf8c9a.js:17:114836)
    at p (https://abs.twimg.com/responsive-web/client-web/main.f2cf8c9a.js:17:115062)
    at https://abs.twimg.com/responsive-web/client-web/main.f2cf8c9a.js:17:115128
[ 9686123ms] [ERROR] Failed to load resource: the server responded with a status of 403 () @ https://x.com/i/api/1.1/graphql/error_log.json:0
[ 9686127ms] [ERROR] Failed to load resource: the server responded with a status of 403 () @ https://x.com/i/api/1.1/graphql/error_log.json:0
[ 9802554ms] [ERROR] Failed to load resource: the server responded with a status of 403 () @ https://x.com/i/api/graphql/a74irv24XPYDjy5LSNQUXg/UsersByRestIds?variables=%7B%22userIds%22%3A%5B%224970411%22%5D%7D&features=%7B%22profile_label_improvements_pcf_label_in_post_enabled%22%3Atrue%2C%22responsive_web_profile_redirect_enabled%22%3Afalse%2C%22rweb_tipjar_consumption_enabled%22%3Afalse%2C%22verified_phone_label_enabled%22%3Afalse%2C%22responsive_web_graphql_skip_user_profile_image_extensions_enabled%22%3Afalse%2C%22responsive_web_graphql_timeline_navigation_enabled%22%3Atrue%7D:0
[ 9802566ms] [ERROR] Failed to load resource: the server responded with a status of 403 () @ https://x.com/i/api/graphql/a74irv24XPYDjy5LSNQUXg/UsersByRestIds?variables=%7B%22userIds%22%3A%5B%22329239536%22%5D%7D&features=%7B%22profile_label_improvements_pcf_label_in_post_enabled%22%3Atrue%2C%22responsive_web_profile_redirect_enabled%22%3Afalse%2C%22rweb_tipjar_consumption_enabled%22%3Afalse%2C%22verified_phone_label_enabled%22%3Afalse%2C%22responsive_web_graphql_skip_user_profile_image_extensions_enabled%22%3Afalse%2C%22responsive_web_graphql_timeline_navigation_enabled%22%3Atrue%7D:0
[ 9802582ms] a: ApiError: https://x.com/i/api/graphql/a74irv24XPYDjy5LSNQUXg/UsersByRestIds HTTP-403 codes:[1003]
    at u (https://abs.twimg.com/responsive-web/client-web/main.f2cf8c9a.js:17:114836)
    at p (https://abs.twimg.com/responsive-web/client-web/main.f2cf8c9a.js:17:115062)
    at https://abs.twimg.com/responsive-web/client-web/main.f2cf8c9a.js:17:115128
[ 9802590ms] a: ApiError: https://x.com/i/api/graphql/a74irv24XPYDjy5LSNQUXg/UsersByRestIds HTTP-403 codes:[1003]
    at u (https://abs.twimg.com/responsive-web/client-web/main.f2cf8c9a.js:17:114836)
    at p (https://abs.twimg.com/responsive-web/client-web/main.f2cf8c9a.js:17:115062)
    at https://abs.twimg.com/responsive-web/client-web/main.f2cf8c9a.js:17:115128
[ 9802648ms] [ERROR] Failed to load resource: the server responded with a status of 403 () @ https://x.com/i/api/1.1/graphql/error_log.json:0
[ 9802649ms] [ERROR] Failed to load resource: the server responded with a status of 403 () @ https://x.com/i/api/1.1/graphql/error_log.json:0
