[    3147ms] Error: Minified React error #418; visit https://react.dev/errors/418?args[]=HTML&args[]= for the full message or use the non-minified dev environment for full errors and additional helpful warnings.
    at rX (https://suno.com/_next/static/chunks/00sy-4itlc00o.js?dpl=dpl_4gHfMNcRvVwg8VKbjeBWkFMxUDhe:25:122289)
    at rQ (https://suno.com/_next/static/chunks/00sy-4itlc00o.js?dpl=dpl_4gHfMNcRvVwg8VKbjeBWkFMxUDhe:25:123657)
    at https://suno.com/_next/static/chunks/00sy-4itlc00o.js?dpl=dpl_4gHfMNcRvVwg8VKbjeBWkFMxUDhe:25:217664
    at um (https://suno.com/_next/static/chunks/00sy-4itlc00o.js?dpl=dpl_4gHfMNcRvVwg8VKbjeBWkFMxUDhe:25:222831)
    at uf (https://suno.com/_next/static/chunks/00sy-4itlc00o.js?dpl=dpl_4gHfMNcRvVwg8VKbjeBWkFMxUDhe:25:214081)
    at https://suno.com/_next/static/chunks/00sy-4itlc00o.js?dpl=dpl_4gHfMNcRvVwg8VKbjeBWkFMxUDhe:25:208906
    at ue (https://suno.com/_next/static/chunks/00sy-4itlc00o.js?dpl=dpl_4gHfMNcRvVwg8VKbjeBWkFMxUDhe:25:209007)
    at uH (https://suno.com/_next/static/chunks/00sy-4itlc00o.js?dpl=dpl_4gHfMNcRvVwg8VKbjeBWkFMxUDhe:25:235571)
    at MessagePort.P (https://suno.com/_next/static/chunks/00sy-4itlc00o.js?dpl=dpl_4gHfMNcRvVwg8VKbjeBWkFMxUDhe:25:83729)
[    3220ms] [LOG] %c
  ███████╗██╗   ██╗███╗   ██╗ ██████╗
  ██╔════╝██║   ██║████╗  ██║██╔═══██╗
  ███████╗██║   ██║██╔██╗ ██║██║   ██║
  ╚════██║██║   ██║██║╚██╗██║██║   ██║
  ███████║╚██████╔╝██║ ╚████║╚██████╔╝
  ╚══════╝ ╚═════╝ ╚═╝  ╚═══╝ ╚═════╝
  We are hiring! Come join our amazing team!
  https://suno.com/careers
       color: #ff6b9d; font-weight: bold; text-shadow: 0 0 10px rgba(255, 107, 157, 0.5), 0 0 20px rgba(255, 107, 157, 0.3), 0 0 30px rgba(255, 107, 157, 0.2); font-family: "Courier New", monospace; @ https://suno.com/_next/static/chunks/00sy-4itlc00o.js?dpl=dpl_4gHfMNcRvVwg8VKbjeBWkFMxUDhe:10
[    3873ms] [WARNING] [Cloudflare Turnstile] Cannot find Widget cf-chl-widget-o5heg, consider using turnstile.remove() to clean up a widget. @ https://suno.com/_next/static/chunks/00sy-4itlc00o.js?dpl=dpl_4gHfMNcRvVwg8VKbjeBWkFMxUDhe:10
[    4090ms] [ERROR] Invalid id passed to identify. @ https://suno.com/_next/static/chunks/00sy-4itlc00o.js?dpl=dpl_4gHfMNcRvVwg8VKbjeBWkFMxUDhe:10
[    5410ms] [INFO] Banner not shown: beforeinstallpromptevent.preventDefault() called. The page must call beforeinstallpromptevent.prompt() to show the banner. @ https://suno.com/discover:0
[    6376ms] [WARNING] [Stripe.js] It looks like Stripe.js was loaded more than one time. Please only load it once per page. @ https://suno.com/_next/static/chunks/00sy-4itlc00o.js?dpl=dpl_4gHfMNcRvVwg8VKbjeBWkFMxUDhe:10
[    8634ms] [WARNING] Canvas2D: Multiple readback operations using getImageData are faster with the willReadFrequently attribute set to true. See: https://html.spec.whatwg.org/multipage/canvas.html#concept-canvas-will-read-frequently @ https://suno.com/_next/static/chunks/007x2gxplnkf0.js?dpl=dpl_4gHfMNcRvVwg8VKbjeBWkFMxUDhe:2
[   11013ms] [INFO] Banner not shown: beforeinstallpromptevent.preventDefault() called. The page must call beforeinstallpromptevent.prompt() to show the banner. @ https://suno.com/me:0
[   24400ms] [INFO] Banner not shown: beforeinstallpromptevent.preventDefault() called. The page must call beforeinstallpromptevent.prompt() to show the banner. @ https://suno.com/me/playlists:0
[   37618ms] [INFO] Banner not shown: beforeinstallpromptevent.preventDefault() called. The page must call beforeinstallpromptevent.prompt() to show the banner. @ https://suno.com/playlist/6d0a938b-9517-448a-a15f-4d7af68547a1:0
[  778835ms] [INFO] Banner not shown: beforeinstallpromptevent.preventDefault() called. The page must call beforeinstallpromptevent.prompt() to show the banner. @ https://suno.com/discover:0
[  783885ms] [INFO] Banner not shown: beforeinstallpromptevent.preventDefault() called. The page must call beforeinstallpromptevent.prompt() to show the banner. @ https://suno.com/me:0
[  795162ms] [INFO] Banner not shown: beforeinstallpromptevent.preventDefault() called. The page must call beforeinstallpromptevent.prompt() to show the banner. @ https://suno.com/me/playlists:0
[  810088ms] [INFO] Banner not shown: beforeinstallpromptevent.preventDefault() called. The page must call beforeinstallpromptevent.prompt() to show the banner. @ https://suno.com/playlist/6d0a938b-9517-448a-a15f-4d7af68547a1:0
