[    2561ms] [WARNING] [.WebGL-0x169c022f4e00]GL Driver Message (OpenGL, Performance, GL_CLOSE_PATH_NV, High): GPU stall due to ReadPixels @ https://x.com/:0
[    2890ms] [WARNING] No available adapters. @ https://x.com/:0
[    3228ms] [ERROR] Not signed in with the identity provider. @ https://x.com/:0
[    3283ms] [ERROR] [GSI_LOGGER]: FedCM get() rejects with AbortError: signal is aborted without reason @ https://accounts.google.com/gsi/client:85
[    3283ms] [ERROR] Not signed in with the identity provider. @ https://x.com/:0
[    3288ms] [ERROR] [GSI_LOGGER]: FedCM get() rejects with AbortError: signal is aborted without reason @ https://accounts.google.com/gsi/client:85
[    3288ms] [ERROR] Not signed in with the identity provider. @ https://x.com/:0
[    7485ms] [WARNING] The resource https://abs.twimg.com/responsive-web/client-web/shared~loader.Dock~bundle.ConnectTab~bundle.DockPeek~bundle.LiveEvent~loader.JetfuelFrame~JetfuelWrapper~load.d9ce1aba.js was preloaded using link preload but not used within a few seconds from the window's load event. Please make sure it has an appropriate `as` value and it is preloaded intentionally. @ https://x.com/:0
[    7485ms] [WARNING] The resource https://abs.twimg.com/responsive-web/client-web/shared~loaders.video.PlayerBase~loader.Dock~bundle.TwitterArticles~bundle.ComposeMedia~bundle.ConnectTab~bund.714f042a.js was preloaded using link preload but not used within a few seconds from the window's load event. Please make sure it has an appropriate `as` value and it is preloaded intentionally. @ https://x.com/:0
[    7485ms] [WARNING] The resource https://abs.twimg.com/responsive-web/client-web/shared~loader.Dock~bundle.ConnectTab~ondemand.XChat~bundle.DockPeek~bundle.LiveEvent~ondemand.ChatDrawer~load.3879461a.js was preloaded using link preload but not used within a few seconds from the window's load event. Please make sure it has an appropriate `as` value and it is preloaded intentionally. @ https://x.com/:0
[    7485ms] [WARNING] The resource https://abs.twimg.com/responsive-web/client-web/JetfuelWrapper.f5ee851a.js was preloaded using link preload but not used within a few seconds from the window's load event. Please make sure it has an appropriate `as` value and it is preloaded intentionally. @ https://x.com/:0
[   16325ms] [WARNING] The resource https://abs.twimg.com/responsive-web/client-web/shared~loader.Dock~bundle.ConnectTab~bundle.DockPeek~bundle.LiveEvent~loader.JetfuelFrame~JetfuelWrapper~load.d9ce1aba.js was preloaded using link preload but not used within a few seconds from the window's load event. Please make sure it has an appropriate `as` value and it is preloaded intentionally. @ https://x.com/:0
[   16326ms] [WARNING] The resource https://abs.twimg.com/responsive-web/client-web/shared~loaders.video.PlayerBase~loader.Dock~bundle.TwitterArticles~bundle.ComposeMedia~bundle.ConnectTab~bund.714f042a.js was preloaded using link preload but not used within a few seconds from the window's load event. Please make sure it has an appropriate `as` value and it is preloaded intentionally. @ https://x.com/:0
[   16326ms] [WARNING] The resource https://abs.twimg.com/responsive-web/client-web/shared~loader.Dock~bundle.ConnectTab~ondemand.XChat~bundle.DockPeek~bundle.LiveEvent~ondemand.ChatDrawer~load.3879461a.js was preloaded using link preload but not used within a few seconds from the window's load event. Please make sure it has an appropriate `as` value and it is preloaded intentionally. @ https://x.com/:0
[   16326ms] [WARNING] The resource https://abs.twimg.com/responsive-web/client-web/JetfuelWrapper.f5ee851a.js was preloaded using link preload but not used within a few seconds from the window's load event. Please make sure it has an appropriate `as` value and it is preloaded intentionally. @ https://x.com/:0
[   21512ms] [ERROR] [GSI_LOGGER]: FedCM get() rejects with NetworkError: Error retrieving a token. @ https://accounts.google.com/gsi/client:85
[  214705ms] [ERROR] Cross-Origin-Opener-Policy policy would block the window.postMessage call. @ https://accounts.google.com/gsi/client:380
[  214705ms] [ERROR] Cross-Origin-Opener-Policy policy would block the window.postMessage call. @ https://accounts.google.com/gsi/client:380
[  218821ms] [WARNING] [.WebGL-0x169c05cba000]GL Driver Message (OpenGL, Performance, GL_CLOSE_PATH_NV, High): GPU stall due to ReadPixels (this message will no longer repeat) @ https://x.com/home:0
[  219071ms] [WARNING] No available adapters. @ https://x.com/home:0
[  222482ms] [INFO] Banner not shown: beforeinstallpromptevent.preventDefault() called. The page must call beforeinstallpromptevent.prompt() to show the banner. @ https://x.com/home:0
