[     224ms] [INFO] %cDownload the React DevTools for a better development experience: https://react.dev/link/react-devtools font-weight:bold @ http://localhost:5173/node_modules/.vite/deps/react-dom_client.js?v=486cd546:14336
[     417ms] [ERROR] In HTML, %s cannot be a descendant of <%s>.
This will cause a hydration error.%s <button> button 

  <App>
    <div className="flex h-scr...">
      <aside className="w-64 flex-...">
        <div>
        <nav className="flex-1 ove...">
          <button>
          <div className="group">
>           <button
>             onClick={function onClick}
>             className="w-full text-left flex items-center justify-between rounded px-2 py-1.5 text-sm hover:bg-secon..."
>           >
              <span>
              <div className="hidden gro...">
>               <button onClick={function onClick} className="rounded p-0.5 hover:bg-secondary text-xs">
                ...
        ...
      ...
 @ http://localhost:5173/node_modules/.vite/deps/react-dom_client.js?v=486cd546:1771
[     418ms] [ERROR] <%s> cannot contain a nested %s.
See this log for the ancestor stack trace. button <button> @ http://localhost:5173/node_modules/.vite/deps/react-dom_client.js?v=486cd546:1773
