[     982ms] [ERROR] Failed to load resource: the server responded with a status of 403 () @ https://cdn2.suno.ai/image_a7bc06aa-38bf-4a56-a5a1-dc1e021f48d4.jpeg?width=undefined:0
[    3745ms] [ERROR] Invalid id passed to identify. @ https://suno.com/_next/static/chunks/ddb6f023ac6c22c6.js:10
[    4457ms] [WARNING] The resource https://cdn2.suno.ai/image_a7bc06aa-38bf-4a56-a5a1-dc1e021f48d4.jpeg?width=undefined was preloaded using link preload but not used within a few seconds from the window's load event. Please make sure it has an appropriate `as` value and it is preloaded intentionally. @ https://suno.com/:0
[    4457ms] [WARNING] The resource https://cdn.cookielaw.org/scripttemplates/otSDKStub.js was preloaded using link preload but not used within a few seconds from the window's load event. Please make sure it has an appropriate `as` value and it is preloaded intentionally. @ https://suno.com/:0
[    4701ms] Error: Minified React error #418; visit https://react.dev/errors/418?args[]=text&args[]= for the full message or use the non-minified dev environment for full errors and additional helpful warnings.
    at rY (https://suno.com/_next/static/chunks/ddb6f023ac6c22c6.js:25:122130)
    at rX (https://suno.com/_next/static/chunks/ddb6f023ac6c22c6.js:25:123163)
    at https://suno.com/_next/static/chunks/ddb6f023ac6c22c6.js:25:216882
    at up (https://suno.com/_next/static/chunks/ddb6f023ac6c22c6.js:25:222043)
    at uc (https://suno.com/_next/static/chunks/ddb6f023ac6c22c6.js:25:213383)
    at https://suno.com/_next/static/chunks/ddb6f023ac6c22c6.js:25:208212
    at l9 (https://suno.com/_next/static/chunks/ddb6f023ac6c22c6.js:25:208313)
    at u$ (https://suno.com/_next/static/chunks/ddb6f023ac6c22c6.js:25:234695)
    at MessagePort.P (https://suno.com/_next/static/chunks/ddb6f023ac6c22c6.js:25:83655)
[    4737ms] [LOG] %c
  ███████╗██╗   ██╗███╗   ██╗ ██████╗
  ██╔════╝██║   ██║████╗  ██║██╔═══██╗
  ███████╗██║   ██║██╔██╗ ██║██║   ██║
  ╚════██║██║   ██║██║╚██╗██║██║   ██║
  ███████║╚██████╔╝██║ ╚████║╚██████╔╝
  ╚══════╝ ╚═════╝ ╚═╝  ╚═══╝ ╚═════╝
  We are hiring! Come join our amazing team!
  https://suno.com/careers
       color: #ff6b9d; font-weight: bold; text-shadow: 0 0 10px rgba(255, 107, 157, 0.5), 0 0 20px rgba(255, 107, 157, 0.3), 0 0 30px rgba(255, 107, 157, 0.2); font-family: "Courier New", monospace; @ https://suno.com/_next/static/chunks/ddb6f023ac6c22c6.js:10
[    5148ms] [WARNING] [Cloudflare Turnstile] Ignored message from unexpected source for event: init. @ https://suno.com/_next/static/chunks/ddb6f023ac6c22c6.js:10
[    5148ms] [WARNING] [Cloudflare Turnstile] Ignored message from unexpected source for event: requestExtraParams. @ https://suno.com/_next/static/chunks/ddb6f023ac6c22c6.js:10
[    5668ms] [WARNING] [Cloudflare Turnstile] Cannot find Widget cf-chl-widget-xb5ey, consider using turnstile.remove() to clean up a widget. @ https://suno.com/_next/static/chunks/ddb6f023ac6c22c6.js:10
[    5678ms] [ERROR] Failed to load resource: the server responded with a status of 401 () @ https://studio-api-prod.suno.com/api/statsig/experiment/:0
[    5700ms] [ERROR] Failed to load resource: the server responded with a status of 401 () @ https://studio-api-prod.suno.com/api/statsig/experiment/:0
[    5701ms] [ERROR] Failed to load resource: the server responded with a status of 401 () @ https://studio-api-prod.suno.com/api/personalization/settings:0
[    6606ms] [INFO] Banner not shown: beforeinstallpromptevent.preventDefault() called. The page must call beforeinstallpromptevent.prompt() to show the banner. @ https://suno.com/:0
[    6690ms] [WARNING] [GSI_LOGGER]: Your client application uses one of the Google One Tap prompt UI status methods that may stop functioning when FedCM becomes mandatory. Refer to the migration guide to update your code accordingly and opt-in to FedCM to test your changes. Learn more: https://developers.google.com/identity/gsi/web/guides/fedcm-migration?s=dc#display_moment and https://developers.google.com/identity/gsi/web/guides/fedcm-migration?s=dc#skipped_moment @ https://suno.com/_next/static/chunks/ddb6f023ac6c22c6.js:10
[    6731ms] [ERROR] Not signed in with the identity provider. @ https://suno.com/:0
[    6834ms] [ERROR] Failed to load resource: the server responded with a status of 401 () @ https://studio-api-prod.suno.com/api/statsig/experiment/:0
[    6835ms] [ERROR] Failed to load resource: the server responded with a status of 401 () @ https://studio-api-prod.suno.com/api/statsig/experiment/:0
[    8017ms] [ERROR] Failed to load resource: the server responded with a status of 401 () @ https://studio-api-prod.suno.com/api/statsig/experiment/:0
[    8025ms] [ERROR] Failed to load resource: the server responded with a status of 401 () @ https://studio-api-prod.suno.com/api/statsig/experiment/:0
[    9073ms] [ERROR] [GSI_LOGGER]: FedCM get() rejects with NetworkError: Error retrieving a token. @ https://suno.com/_next/static/chunks/ddb6f023ac6c22c6.js:10
[   10162ms] [ERROR] Failed to load resource: the server responded with a status of 401 () @ https://studio-api-prod.suno.com/api/statsig/experiment/:0
[   10168ms] [ERROR] Failed to load resource: the server responded with a status of 401 () @ https://studio-api-prod.suno.com/api/statsig/experiment/:0
[   17500ms] [WARNING] The resource https://cdn2.suno.ai/image_a7bc06aa-38bf-4a56-a5a1-dc1e021f48d4.jpeg?width=undefined was preloaded using link preload but not used within a few seconds from the window's load event. Please make sure it has an appropriate `as` value and it is preloaded intentionally. @ https://suno.com/:0
[   49918ms] [WARNING] The resource https://cdn2.suno.ai/image_a7bc06aa-38bf-4a56-a5a1-dc1e021f48d4.jpeg?width=undefined was preloaded using link preload but not used within a few seconds from the window's load event. Please make sure it has an appropriate `as` value and it is preloaded intentionally. @ https://suno.com/:0
[   57445ms] [WARNING] The resource https://cdn2.suno.ai/image_a7bc06aa-38bf-4a56-a5a1-dc1e021f48d4.jpeg?width=undefined was preloaded using link preload but not used within a few seconds from the window's load event. Please make sure it has an appropriate `as` value and it is preloaded intentionally. @ https://suno.com/:0
[   65268ms] [WARNING] The resource https://cdn2.suno.ai/image_a7bc06aa-38bf-4a56-a5a1-dc1e021f48d4.jpeg?width=undefined was preloaded using link preload but not used within a few seconds from the window's load event. Please make sure it has an appropriate `as` value and it is preloaded intentionally. @ https://suno.com/:0
[  117900ms] [WARNING] The resource https://cdn2.suno.ai/image_a7bc06aa-38bf-4a56-a5a1-dc1e021f48d4.jpeg?width=undefined was preloaded using link preload but not used within a few seconds from the window's load event. Please make sure it has an appropriate `as` value and it is preloaded intentionally. @ https://suno.com/:0
[  125291ms] [WARNING] The resource https://cdn2.suno.ai/image_a7bc06aa-38bf-4a56-a5a1-dc1e021f48d4.jpeg?width=undefined was preloaded using link preload but not used within a few seconds from the window's load event. Please make sure it has an appropriate `as` value and it is preloaded intentionally. @ https://suno.com/:0
[  178910ms] [WARNING] The resource https://cdn2.suno.ai/image_a7bc06aa-38bf-4a56-a5a1-dc1e021f48d4.jpeg?width=undefined was preloaded using link preload but not used within a few seconds from the window's load event. Please make sure it has an appropriate `as` value and it is preloaded intentionally. @ https://suno.com/:0
[  185304ms] [WARNING] The resource https://cdn2.suno.ai/image_a7bc06aa-38bf-4a56-a5a1-dc1e021f48d4.jpeg?width=undefined was preloaded using link preload but not used within a few seconds from the window's load event. Please make sure it has an appropriate `as` value and it is preloaded intentionally. @ https://suno.com/:0
[  239910ms] [WARNING] The resource https://cdn2.suno.ai/image_a7bc06aa-38bf-4a56-a5a1-dc1e021f48d4.jpeg?width=undefined was preloaded using link preload but not used within a few seconds from the window's load event. Please make sure it has an appropriate `as` value and it is preloaded intentionally. @ https://suno.com/:0
[  245306ms] [WARNING] The resource https://cdn2.suno.ai/image_a7bc06aa-38bf-4a56-a5a1-dc1e021f48d4.jpeg?width=undefined was preloaded using link preload but not used within a few seconds from the window's load event. Please make sure it has an appropriate `as` value and it is preloaded intentionally. @ https://suno.com/:0
