INFO  2026-05-03T11:00:20 +119ms service=project directory=/tmp/opencode-test-jpf6polffx fromDirectory
INFO  2026-05-03T11:00:20 +57ms service=project directory=/tmp/opencode-test-8ctyze8my3c fromDirectory
INFO  2026-05-03T11:00:20 +82ms service=project directory=/tmp/opencode-test-ujzhvs0pdl fromDirectory
INFO  2026-05-03T11:00:20 +38ms service=project directory=/tmp/opencode-test-uui8o3phqc fromDirectory
INFO  2026-05-03T11:00:20 +64ms service=project directory=/tmp/opencode-test-0qc2nc9tu6s fromDirectory
INFO  2026-05-03T11:00:20 +62ms service=project directory=/tmp/opencode-test-6l4ge1zszcl fromDirectory
INFO  2026-05-03T11:00:20 +87ms service=project directory=/tmp/opencode-test-w8c04t7xfon-worktree fromDirectory
INFO  2026-05-03T11:00:20 +125ms service=project directory=/tmp/opencode-test-ht6kidpmobd-wt1 fromDirectory
INFO  2026-05-03T11:00:20 +41ms service=project directory=/tmp/opencode-test-ht6kidpmobd-wt2 fromDirectory
INFO  2026-05-03T11:00:21 +89ms service=project directory=/tmp/opencode-test-cw2z7rlsi5 fromDirectory
INFO  2026-05-03T11:00:21 +87ms service=project directory=/tmp/opencode-test-qn8lqafrru fromDirectory
INFO  2026-05-03T11:00:21 +65ms service=project directory=/tmp/opencode-test-m6w9am13yll fromDirectory
INFO  2026-05-03T11:00:21 +65ms service=project directory=/tmp/opencode-test-yexotw0o3uh fromDirectory
INFO  2026-05-03T11:00:21 +58ms service=project directory=/tmp/opencode-test-z5famlu1lmc fromDirectory
INFO  2026-05-03T11:00:21 +74ms service=project directory=/tmp/opencode-test-8pe0045j2gi fromDirectory
INFO  2026-05-03T11:00:21 +70ms service=project directory=/tmp/opencode-test-6svr1z4c1q5 fromDirectory
INFO  2026-05-03T11:00:21 +48ms service=project directory=/tmp/opencode-test-dhu9d7s6nfc fromDirectory
INFO  2026-05-03T11:00:21 +78ms service=default directory=/tmp/opencode-test-f7uaytsrgb creating instance
INFO  2026-05-03T11:00:21 +0ms service=project directory=/tmp/opencode-test-f7uaytsrgb fromDirectory
INFO  2026-05-03T11:00:21 +1ms service=file.time sessionID=test-session-123 file=/tmp/opencode-test-f7uaytsrgb/file.txt read
INFO  2026-05-03T11:00:21 +7ms service=default directory=/tmp/opencode-test-1c9p2m4zl5k creating instance
INFO  2026-05-03T11:00:21 +0ms service=project directory=/tmp/opencode-test-1c9p2m4zl5k fromDirectory
INFO  2026-05-03T11:00:21 +1ms service=file.time sessionID=session1 file=/tmp/opencode-test-1c9p2m4zl5k/file.txt read
INFO  2026-05-03T11:00:21 +0ms service=file.time sessionID=session2 file=/tmp/opencode-test-1c9p2m4zl5k/file.txt read
INFO  2026-05-03T11:00:21 +1ms service=default directory=/tmp/opencode-test-v17cte6462r creating instance
INFO  2026-05-03T11:00:21 +0ms service=project directory=/tmp/opencode-test-v17cte6462r fromDirectory
INFO  2026-05-03T11:00:21 +1ms service=file.time sessionID=test-session-123 file=/tmp/opencode-test-v17cte6462r/file.txt read
INFO  2026-05-03T11:00:21 +15ms service=file.time sessionID=test-session-123 file=/tmp/opencode-test-v17cte6462r/file.txt read
INFO  2026-05-03T11:00:21 +1ms service=default directory=/tmp/opencode-test-e25r2v010mp creating instance
INFO  2026-05-03T11:00:21 +1ms service=project directory=/tmp/opencode-test-e25r2v010mp fromDirectory
INFO  2026-05-03T11:00:21 +1ms service=file.time sessionID=test-session-123 file=/tmp/opencode-test-e25r2v010mp/file.txt read
INFO  2026-05-03T11:00:21 +1ms service=default directory=/tmp/opencode-test-7x7dy1omuif creating instance
INFO  2026-05-03T11:00:21 +0ms service=project directory=/tmp/opencode-test-7x7dy1omuif fromDirectory
INFO  2026-05-03T11:00:21 +2ms service=default directory=/tmp/opencode-test-vlyxdrfqzqj creating instance
INFO  2026-05-03T11:00:21 +0ms service=project directory=/tmp/opencode-test-vlyxdrfqzqj fromDirectory
INFO  2026-05-03T11:00:21 +1ms service=file.time sessionID=test-session-123 file=/tmp/opencode-test-vlyxdrfqzqj/file.txt read
INFO  2026-05-03T11:00:21 +112ms service=default directory=/tmp/opencode-test-f44wxsuholj creating instance
INFO  2026-05-03T11:00:21 +0ms service=project directory=/tmp/opencode-test-f44wxsuholj fromDirectory
INFO  2026-05-03T11:00:21 +2ms service=file.time sessionID=test-session-123 file=/tmp/opencode-test-f44wxsuholj/file.txt read
INFO  2026-05-03T11:00:21 +108ms service=default directory=/tmp/opencode-test-f5zqu87w7a4 creating instance
INFO  2026-05-03T11:00:21 +0ms service=project directory=/tmp/opencode-test-f5zqu87w7a4 fromDirectory
INFO  2026-05-03T11:00:21 +5ms service=default directory=/tmp/opencode-test-a5wsc9t30w creating instance
INFO  2026-05-03T11:00:21 +0ms service=project directory=/tmp/opencode-test-a5wsc9t30w fromDirectory
INFO  2026-05-03T11:00:21 +4ms service=default directory=/tmp/opencode-test-7lhw7xrkam6 creating instance
INFO  2026-05-03T11:00:21 +0ms service=project directory=/tmp/opencode-test-7lhw7xrkam6 fromDirectory
INFO  2026-05-03T11:00:21 +4ms service=default directory=/tmp/opencode-test-28tv8tzredw creating instance
INFO  2026-05-03T11:00:21 +0ms service=project directory=/tmp/opencode-test-28tv8tzredw fromDirectory
INFO  2026-05-03T11:00:21 +21ms service=default directory=/tmp/opencode-test-4teiejzxecs creating instance
INFO  2026-05-03T11:00:21 +0ms service=project directory=/tmp/opencode-test-4teiejzxecs fromDirectory
INFO  2026-05-03T11:00:21 +61ms service=default directory=/tmp/opencode-test-k8y9egeigz creating instance
INFO  2026-05-03T11:00:21 +0ms service=project directory=/tmp/opencode-test-k8y9egeigz fromDirectory
INFO  2026-05-03T11:00:21 +5ms service=default directory=/tmp/opencode-test-m6fw9mypzgr creating instance
INFO  2026-05-03T11:00:21 +0ms service=project directory=/tmp/opencode-test-m6fw9mypzgr fromDirectory
INFO  2026-05-03T11:00:22 +114ms service=default directory=/tmp/opencode-test-gz4dcxwhmy9 creating instance
INFO  2026-05-03T11:00:22 +0ms service=project directory=/tmp/opencode-test-gz4dcxwhmy9 fromDirectory
INFO  2026-05-03T11:00:22 +3ms service=file.time sessionID=test-session-123 file=/tmp/opencode-test-gz4dcxwhmy9/file.txt read
INFO  2026-05-03T11:00:22 +3ms service=default directory=/tmp/opencode-test-5yirvl5zgnt creating instance
INFO  2026-05-03T11:00:22 +0ms service=project directory=/tmp/opencode-test-5yirvl5zgnt fromDirectory
INFO  2026-05-03T11:00:22 +2ms service=file.time sessionID=test-session-123 file=/tmp/opencode-test-5yirvl5zgnt/file.txt read
INFO  2026-05-03T11:00:22 +121ms service=default directory=/tmp/opencode-test-w8mixxljker creating instance
INFO  2026-05-03T11:00:22 +0ms service=project directory=/tmp/opencode-test-w8mixxljker fromDirectory
INFO  2026-05-03T11:00:22 +4ms service=file status=started file=../../../etc/passwd read
INFO  2026-05-03T11:00:22 +0ms service=file status=completed duration=0 file=../../../etc/passwd read
INFO  2026-05-03T11:00:22 +2ms service=default directory=/tmp/opencode-test-9ehg7kz7qh6 creating instance
INFO  2026-05-03T11:00:22 +0ms service=project directory=/tmp/opencode-test-9ehg7kz7qh6 fromDirectory
INFO  2026-05-03T11:00:22 +2ms service=file status=started file=src/nested/../../../../../../../etc/passwd read
INFO  2026-05-03T11:00:22 +0ms service=file status=completed duration=0 file=src/nested/../../../../../../../etc/passwd read
INFO  2026-05-03T11:00:22 +4ms service=default directory=/tmp/opencode-test-8bf3i12krs2 creating instance
INFO  2026-05-03T11:00:22 +0ms service=project directory=/tmp/opencode-test-8bf3i12krs2 fromDirectory
INFO  2026-05-03T11:00:22 +2ms service=file status=started file=valid.txt read
INFO  2026-05-03T11:00:22 +14ms service=file status=completed duration=14 file=valid.txt read
INFO  2026-05-03T11:00:22 +1ms service=default directory=/tmp/opencode-test-s3i81tioz2k creating instance
INFO  2026-05-03T11:00:22 +0ms service=project directory=/tmp/opencode-test-s3i81tioz2k fromDirectory
INFO  2026-05-03T11:00:22 +10ms service=default directory=/tmp/opencode-test-p5i9m5q6jka creating instance
INFO  2026-05-03T11:00:22 +0ms service=project directory=/tmp/opencode-test-p5i9m5q6jka fromDirectory
INFO  2026-05-03T11:00:22 +28ms service=default directory=/tmp/opencode-test-e165gjysi0s creating instance
INFO  2026-05-03T11:00:22 +0ms service=project directory=/tmp/opencode-test-e165gjysi0s fromDirectory
INFO  2026-05-03T11:00:22 +37ms service=default directory=/tmp/opencode-test-mr25yzyj4wa/packages/lib creating instance
INFO  2026-05-03T11:00:22 +0ms service=project directory=/tmp/opencode-test-mr25yzyj4wa/packages/lib fromDirectory
INFO  2026-05-03T11:00:22 +32ms service=default directory=/tmp/opencode-test-arb8k0fh27 creating instance
INFO  2026-05-03T11:00:22 +0ms service=project directory=/tmp/opencode-test-arb8k0fh27 fromDirectory
INFO  2026-05-03T11:00:22 +35ms service=default directory=/tmp/opencode-test-b0lgn95jl8p creating instance
INFO  2026-05-03T11:00:22 +0ms service=project directory=/tmp/opencode-test-b0lgn95jl8p fromDirectory
INFO  2026-05-03T11:00:22 +39ms service=default directory=/tmp/opencode-test-29vbayohfem creating instance
INFO  2026-05-03T11:00:22 +0ms service=project directory=/tmp/opencode-test-29vbayohfem fromDirectory
INFO  2026-05-03T11:00:22 +23ms service=default directory=/tmp/opencode-test-cjt76egayun creating instance
INFO  2026-05-03T11:00:22 +0ms service=project directory=/tmp/opencode-test-cjt76egayun fromDirectory
INFO  2026-05-03T11:00:22 +9ms service=default directory=/tmp/opencode-test-gbie7su9c8f creating instance
INFO  2026-05-03T11:00:22 +0ms service=project directory=/tmp/opencode-test-gbie7su9c8f fromDirectory
INFO  2026-05-03T11:00:22 +1ms service=file status=started file=test.txt read
INFO  2026-05-03T11:00:22 +1ms service=file status=completed duration=0 file=test.txt read
INFO  2026-05-03T11:00:22 +0ms service=default directory=/tmp/opencode-test-vav0rfimzem creating instance
INFO  2026-05-03T11:00:22 +0ms service=project directory=/tmp/opencode-test-vav0rfimzem fromDirectory
INFO  2026-05-03T11:00:22 +1ms service=file status=started file=nonexistent.txt read
INFO  2026-05-03T11:00:22 +0ms service=file status=completed duration=0 file=nonexistent.txt read
INFO  2026-05-03T11:00:22 +8ms service=default directory=/tmp/opencode-test-tsiwt7bb8s creating instance
INFO  2026-05-03T11:00:22 +0ms service=project directory=/tmp/opencode-test-tsiwt7bb8s fromDirectory
INFO  2026-05-03T11:00:22 +1ms service=file status=started file=test.txt read
INFO  2026-05-03T11:00:22 +0ms service=file status=completed duration=0 file=test.txt read
INFO  2026-05-03T11:00:22 +1ms service=default directory=/tmp/opencode-test-04r46zkl3s3e creating instance
INFO  2026-05-03T11:00:22 +0ms service=project directory=/tmp/opencode-test-04r46zkl3s3e fromDirectory
INFO  2026-05-03T11:00:22 +1ms service=file status=started file=empty.txt read
INFO  2026-05-03T11:00:22 +1ms service=file status=completed duration=1 file=empty.txt read
INFO  2026-05-03T11:00:22 +1ms service=default directory=/tmp/opencode-test-ujitbkkh9yg creating instance
INFO  2026-05-03T11:00:22 +0ms service=project directory=/tmp/opencode-test-ujitbkkh9yg fromDirectory
INFO  2026-05-03T11:00:22 +1ms service=file status=started file=multiline.txt read
INFO  2026-05-03T11:00:22 +0ms service=file status=completed duration=0 file=multiline.txt read
INFO  2026-05-03T11:00:22 +1ms service=default directory=/tmp/opencode-test-kqwoppcctkh creating instance
INFO  2026-05-03T11:00:22 +0ms service=project directory=/tmp/opencode-test-kqwoppcctkh fromDirectory
INFO  2026-05-03T11:00:22 +1ms service=file status=started file=image.png read
INFO  2026-05-03T11:00:22 +0ms service=file status=completed duration=0 file=image.png read
INFO  2026-05-03T11:00:22 +6ms service=default directory=/tmp/opencode-test-dmr8gdqr2mc creating instance
INFO  2026-05-03T11:00:22 +0ms service=project directory=/tmp/opencode-test-dmr8gdqr2mc fromDirectory
INFO  2026-05-03T11:00:22 +1ms service=file status=started file=binary.so read
INFO  2026-05-03T11:00:22 +0ms service=file status=completed duration=0 file=binary.so read
INFO  2026-05-03T11:00:22 +1ms service=default directory=/tmp/opencode-test-v24t9diiw6t creating instance
INFO  2026-05-03T11:00:22 +0ms service=project directory=/tmp/opencode-test-v24t9diiw6t fromDirectory
INFO  2026-05-03T11:00:22 +1ms service=file status=started file=test.json read
INFO  2026-05-03T11:00:22 +1ms service=file status=completed duration=1 file=test.json read
INFO  2026-05-03T11:00:22 +1ms service=default directory=/tmp/opencode-test-zo8tbstohh creating instance
INFO  2026-05-03T11:00:22 +0ms service=project directory=/tmp/opencode-test-zo8tbstohh fromDirectory
INFO  2026-05-03T11:00:22 +20ms service=default directory=/tmp/opencode-test-vgoj382kfii creating instance
INFO  2026-05-03T11:00:22 +0ms service=project directory=/tmp/opencode-test-vgoj382kfii fromDirectory
INFO  2026-05-03T11:00:22 +39ms service=default directory=/tmp/opencode-test-cg5o94vtig creating instance
INFO  2026-05-03T11:00:22 +0ms service=project directory=/tmp/opencode-test-cg5o94vtig fromDirectory
INFO  2026-05-03T11:00:22 +35ms service=default directory=/tmp/opencode-test-nbs2yn0e3g creating instance
INFO  2026-05-03T11:00:22 +0ms service=project directory=/tmp/opencode-test-nbs2yn0e3g fromDirectory
INFO  2026-05-03T11:00:22 +33ms service=default directory=/tmp/opencode-test-my88r1hxej creating instance
INFO  2026-05-03T11:00:22 +0ms service=project directory=/tmp/opencode-test-my88r1hxej fromDirectory
INFO  2026-05-03T11:00:22 +17ms service=default directory=/tmp/opencode-test-65uw4cg7ncm creating instance
INFO  2026-05-03T11:00:22 +0ms service=project directory=/tmp/opencode-test-65uw4cg7ncm fromDirectory
INFO  2026-05-03T11:00:22 +1ms service=file status=started file=does-not-exist.txt read
INFO  2026-05-03T11:00:22 +0ms service=file status=completed duration=0 file=does-not-exist.txt read
INFO  2026-05-03T11:00:22 +1ms service=default directory=/tmp/opencode-test-mn0u7d7v4xh creating instance
INFO  2026-05-03T11:00:22 +0ms service=project directory=/tmp/opencode-test-mn0u7d7v4xh fromDirectory
INFO  2026-05-03T11:00:22 +2ms service=default directory=/tmp/opencode-test-kq2mw12lfi creating instance
INFO  2026-05-03T11:00:22 +0ms service=project directory=/tmp/opencode-test-kq2mw12lfi fromDirectory
INFO  2026-05-03T11:00:22 +0ms service=file status=started file=broken.png read
INFO  2026-05-03T11:00:22 +1ms service=file status=completed duration=1 file=broken.png read
INFO  2026-05-03T11:00:22 +1ms service=default directory=/tmp/opencode-test-r7yt2j8zhie creating instance
INFO  2026-05-03T11:00:22 +0ms service=project directory=/tmp/opencode-test-r7yt2j8zhie fromDirectory
INFO  2026-05-03T11:00:22 +0ms service=file status=started file=test.ts read
INFO  2026-05-03T11:00:22 +0ms service=file status=completed duration=0 file=test.ts read
INFO  2026-05-03T11:00:22 +1ms service=default directory=/tmp/opencode-test-1jhbvvryxz3 creating instance
INFO  2026-05-03T11:00:22 +1ms service=project directory=/tmp/opencode-test-1jhbvvryxz3 fromDirectory
INFO  2026-05-03T11:00:22 +0ms service=file status=started file=test.mts read
INFO  2026-05-03T11:00:22 +1ms service=file status=completed duration=0 file=test.mts read
INFO  2026-05-03T11:00:22 +5ms service=default directory=/tmp/opencode-test-5i6ja8ic3go creating instance
INFO  2026-05-03T11:00:22 +0ms service=project directory=/tmp/opencode-test-5i6ja8ic3go fromDirectory
INFO  2026-05-03T11:00:22 +2ms service=file status=started file=test.sh read
INFO  2026-05-03T11:00:22 +0ms service=file status=completed duration=0 file=test.sh read
INFO  2026-05-03T11:00:22 +1ms service=default directory=/tmp/opencode-test-17runje9scm creating instance
INFO  2026-05-03T11:00:22 +0ms service=project directory=/tmp/opencode-test-17runje9scm fromDirectory
INFO  2026-05-03T11:00:22 +1ms service=file status=started file=Dockerfile read
INFO  2026-05-03T11:00:22 +0ms service=file status=completed duration=0 file=Dockerfile read
INFO  2026-05-03T11:00:22 +1ms service=default directory=/tmp/opencode-test-1t6mjf1v91g creating instance
INFO  2026-05-03T11:00:22 +0ms service=project directory=/tmp/opencode-test-1t6mjf1v91g fromDirectory
INFO  2026-05-03T11:00:22 +1ms service=file status=started file=test.txt read
INFO  2026-05-03T11:00:22 +0ms service=file status=completed duration=0 file=test.txt read
INFO  2026-05-03T11:00:22 +1ms service=default directory=/tmp/opencode-test-se6afi8r7l creating instance
INFO  2026-05-03T11:00:22 +0ms service=project directory=/tmp/opencode-test-se6afi8r7l fromDirectory
INFO  2026-05-03T11:00:22 +2ms service=file status=started file=test.jpg read
INFO  2026-05-03T11:00:22 +0ms service=file status=completed duration=0 file=test.jpg read
INFO  2026-05-03T11:00:22 +2ms service=default directory=/tmp/opencode-test-10ffpa78saeq creating instance
INFO  2026-05-03T11:00:22 +0ms service=project directory=/tmp/opencode-test-10ffpa78saeq fromDirectory
INFO  2026-05-03T11:00:22 +1ms service=file status=started file=../outside.txt read
INFO  2026-05-03T11:00:22 +0ms service=file status=completed duration=0 file=../outside.txt read
INFO  2026-05-03T11:00:22 +10ms service=default directory=/tmp/opencode-test-pll4engabu creating instance
INFO  2026-05-03T11:00:22 +0ms service=project directory=/tmp/opencode-test-pll4engabu fromDirectory
INFO  2026-05-03T11:00:22 +2ms service=file status=started file=../outside.txt read
INFO  2026-05-03T11:00:22 +0ms service=file status=completed duration=0 file=../outside.txt read
